Archive member included to satisfy reference by file (symbol)

c:/st/stm32cubeide_1.9.0/stm32cubeide/plugins/com.st.stm32cube.ide.mcu.externaltools.gnu-tools-for-stm32.10.3-2021.10.win32_1.0.0.202111181127/tools/bin/../lib/gcc/arm-none-eabi/10.3.1/../../../../arm-none-eabi/lib/thumb/v7e-m+fp/hard\libc_nano.a(lib_a-errno.o)
                              ./Core/Src/syscalls.o (__errno)
c:/st/stm32cubeide_1.9.0/stm32cubeide/plugins/com.st.stm32cube.ide.mcu.externaltools.gnu-tools-for-stm32.10.3-2021.10.win32_1.0.0.202111181127/tools/bin/../lib/gcc/arm-none-eabi/10.3.1/../../../../arm-none-eabi/lib/thumb/v7e-m+fp/hard\libc_nano.a(lib_a-exit.o)
                              c:/st/stm32cubeide_1.9.0/stm32cubeide/plugins/com.st.stm32cube.ide.mcu.externaltools.gnu-tools-for-stm32.10.3-2021.10.win32_1.0.0.202111181127/tools/bin/../lib/gcc/arm-none-eabi/10.3.1/../../../../arm-none-eabi/lib/thumb/v7e-m+fp/hard/crt0.o (exit)
c:/st/stm32cubeide_1.9.0/stm32cubeide/plugins/com.st.stm32cube.ide.mcu.externaltools.gnu-tools-for-stm32.10.3-2021.10.win32_1.0.0.202111181127/tools/bin/../lib/gcc/arm-none-eabi/10.3.1/../../../../arm-none-eabi/lib/thumb/v7e-m+fp/hard\libc_nano.a(lib_a-impure.o)
                              c:/st/stm32cubeide_1.9.0/stm32cubeide/plugins/com.st.stm32cube.ide.mcu.externaltools.gnu-tools-for-stm32.10.3-2021.10.win32_1.0.0.202111181127/tools/bin/../lib/gcc/arm-none-eabi/10.3.1/../../../../arm-none-eabi/lib/thumb/v7e-m+fp/hard\libc_nano.a(lib_a-exit.o) (_global_impure_ptr)
c:/st/stm32cubeide_1.9.0/stm32cubeide/plugins/com.st.stm32cube.ide.mcu.externaltools.gnu-tools-for-stm32.10.3-2021.10.win32_1.0.0.202111181127/tools/bin/../lib/gcc/arm-none-eabi/10.3.1/../../../../arm-none-eabi/lib/thumb/v7e-m+fp/hard\libc_nano.a(lib_a-init.o)
                              c:/st/stm32cubeide_1.9.0/stm32cubeide/plugins/com.st.stm32cube.ide.mcu.externaltools.gnu-tools-for-stm32.10.3-2021.10.win32_1.0.0.202111181127/tools/bin/../lib/gcc/arm-none-eabi/10.3.1/../../../../arm-none-eabi/lib/thumb/v7e-m+fp/hard/crt0.o (__libc_init_array)
c:/st/stm32cubeide_1.9.0/stm32cubeide/plugins/com.st.stm32cube.ide.mcu.externaltools.gnu-tools-for-stm32.10.3-2021.10.win32_1.0.0.202111181127/tools/bin/../lib/gcc/arm-none-eabi/10.3.1/../../../../arm-none-eabi/lib/thumb/v7e-m+fp/hard\libc_nano.a(lib_a-memset.o)
                              c:/st/stm32cubeide_1.9.0/stm32cubeide/plugins/com.st.stm32cube.ide.mcu.externaltools.gnu-tools-for-stm32.10.3-2021.10.win32_1.0.0.202111181127/tools/bin/../lib/gcc/arm-none-eabi/10.3.1/../../../../arm-none-eabi/lib/thumb/v7e-m+fp/hard/crt0.o (memset)
c:/st/stm32cubeide_1.9.0/stm32cubeide/plugins/com.st.stm32cube.ide.mcu.externaltools.gnu-tools-for-stm32.10.3-2021.10.win32_1.0.0.202111181127/tools/bin/../lib/gcc/arm-none-eabi/10.3.1/../../../../arm-none-eabi/lib/thumb/v7e-m+fp/hard\libc_nano.a(lib_a-sprintf.o)
                              ./Core/Src/main.o (sprintf)
c:/st/stm32cubeide_1.9.0/stm32cubeide/plugins/com.st.stm32cube.ide.mcu.externaltools.gnu-tools-for-stm32.10.3-2021.10.win32_1.0.0.202111181127/tools/bin/../lib/gcc/arm-none-eabi/10.3.1/../../../../arm-none-eabi/lib/thumb/v7e-m+fp/hard\libc_nano.a(lib_a-strlen.o)
                              ./Core/Src/main.o (strlen)
c:/st/stm32cubeide_1.9.0/stm32cubeide/plugins/com.st.stm32cube.ide.mcu.externaltools.gnu-tools-for-stm32.10.3-2021.10.win32_1.0.0.202111181127/tools/bin/../lib/gcc/arm-none-eabi/10.3.1/../../../../arm-none-eabi/lib/thumb/v7e-m+fp/hard\libc_nano.a(lib_a-nano-svfprintf.o)
                              c:/st/stm32cubeide_1.9.0/stm32cubeide/plugins/com.st.stm32cube.ide.mcu.externaltools.gnu-tools-for-stm32.10.3-2021.10.win32_1.0.0.202111181127/tools/bin/../lib/gcc/arm-none-eabi/10.3.1/../../../../arm-none-eabi/lib/thumb/v7e-m+fp/hard\libc_nano.a(lib_a-sprintf.o) (_svfprintf_r)
c:/st/stm32cubeide_1.9.0/stm32cubeide/plugins/com.st.stm32cube.ide.mcu.externaltools.gnu-tools-for-stm32.10.3-2021.10.win32_1.0.0.202111181127/tools/bin/../lib/gcc/arm-none-eabi/10.3.1/../../../../arm-none-eabi/lib/thumb/v7e-m+fp/hard\libc_nano.a(lib_a-nano-vfprintf_i.o)
                              c:/st/stm32cubeide_1.9.0/stm32cubeide/plugins/com.st.stm32cube.ide.mcu.externaltools.gnu-tools-for-stm32.10.3-2021.10.win32_1.0.0.202111181127/tools/bin/../lib/gcc/arm-none-eabi/10.3.1/../../../../arm-none-eabi/lib/thumb/v7e-m+fp/hard\libc_nano.a(lib_a-nano-svfprintf.o) (_printf_i)
c:/st/stm32cubeide_1.9.0/stm32cubeide/plugins/com.st.stm32cube.ide.mcu.externaltools.gnu-tools-for-stm32.10.3-2021.10.win32_1.0.0.202111181127/tools/bin/../lib/gcc/arm-none-eabi/10.3.1/../../../../arm-none-eabi/lib/thumb/v7e-m+fp/hard\libc_nano.a(lib_a-memchr.o)
                              c:/st/stm32cubeide_1.9.0/stm32cubeide/plugins/com.st.stm32cube.ide.mcu.externaltools.gnu-tools-for-stm32.10.3-2021.10.win32_1.0.0.202111181127/tools/bin/../lib/gcc/arm-none-eabi/10.3.1/../../../../arm-none-eabi/lib/thumb/v7e-m+fp/hard\libc_nano.a(lib_a-nano-svfprintf.o) (memchr)
[...]
Memory Configuration

Name             Origin             Length             Attributes
CCMRAM           0x0000000010000000 0x0000000000010000 xrw
RAM              0x0000000020000000 0x0000000000030000 xrw
FLASH            0x0000000008000000 0x0000000000200000 xr
*default*        0x0000000000000000 0xffffffffffffffff

Linker script and memory map

LOAD c:/st/stm32cubeide_1.9.0/stm32cubeide/plugins/com.st.stm32cube.ide.mcu.externaltools.gnu-tools-for-stm32.10.3-2021.10.win32_1.0.0.202111181127/tools/bin/../lib/gcc/arm-none-eabi/10.3.1/thumb/v7e-m+fp/hard/crti.o
LOAD c:/st/stm32cubeide_1.9.0/stm32cubeide/plugins/com.st.stm32cube.ide.mcu.externaltools.gnu-tools-for-stm32.10.3-2021.10.win32_1.0.0.202111181127/tools/bin/../lib/gcc/arm-none-eabi/10.3.1/thumb/v7e-m+fp/hard/crtbegin.o
LOAD c:/st/stm32cubeide_1.9.0/stm32cubeide/plugins/com.st.stm32cube.ide.mcu.externaltools.gnu-tools-for-stm32.10.3-2021.10.win32_1.0.0.202111181127/tools/bin/../lib/gcc/arm-none-eabi/10.3.1/../../../../arm-none-eabi/lib/thumb/v7e-m+fp/hard/crt0.o
LOAD ./Core/Src/main.o
LOAD ./Core/Src/stm32f4xx_hal_msp.o
LOAD ./Core/Src/stm32f4xx_it.o
LOAD ./Core/Src/syscalls.o
LOAD ./Core/Src/sysmem.o
LOAD ./Core/Src/system_stm32f4xx.o
LOAD ./Core/Startup/startup_stm32f427vitx.o
LOAD ./Drivers/STM32F4xx_HAL_Driver/Src/stm32f4xx_hal.o
LOAD ./Drivers/STM32F4xx_HAL_Driver/Src/stm32f4xx_hal_cortex.o
LOAD ./Drivers/STM32F4xx_HAL_Driver/Src/stm32f4xx_hal_dma.o
LOAD ./Drivers/STM32F4xx_HAL_Driver/Src/stm32f4xx_hal_dma_ex.o
LOAD ./Drivers/STM32F4xx_HAL_Driver/Src/stm32f4xx_hal_exti.o
LOAD ./Drivers/STM32F4xx_HAL_Driver/Src/stm32f4xx_hal_flash.o
LOAD ./Drivers/STM32F4xx_HAL_Driver/Src/stm32f4xx_hal_flash_ex.o
LOAD ./Drivers/STM32F4xx_HAL_Driver/Src/stm32f4xx_hal_flash_ramfunc.o
LOAD ./Drivers/STM32F4xx_HAL_Driver/Src/stm32f4xx_hal_gpio.o
LOAD ./Drivers/STM32F4xx_HAL_Driver/Src/stm32f4xx_hal_i2c.o
LOAD ./Drivers/STM32F4xx_HAL_Driver/Src/stm32f4xx_hal_i2c_ex.o
LOAD ./Drivers/STM32F4xx_HAL_Driver/Src/stm32f4xx_hal_pwr.o
LOAD ./Drivers/STM32F4xx_HAL_Driver/Src/stm32f4xx_hal_pwr_ex.o
LOAD ./Drivers/STM32F4xx_HAL_Driver/Src/stm32f4xx_hal_rcc.o
LOAD ./Drivers/STM32F4xx_HAL_Driver/Src/stm32f4xx_hal_rcc_ex.o
LOAD ./Drivers/STM32F4xx_HAL_Driver/Src/stm32f4xx_hal_tim.o
LOAD ./Drivers/STM32F4xx_HAL_Driver/Src/stm32f4xx_hal_tim_ex.o
LOAD ./Drivers/STM32F4xx_HAL_Driver/Src/stm32f4xx_hal_uart.o
LOAD ./Drivers/lsm9ds1/lsm9ds1_reg.o
START GROUP
LOAD c:/st/stm32cubeide_1.9.0/stm32cubeide/plugins/com.st.stm32cube.ide.mcu.externaltools.gnu-tools-for-stm32.10.3-2021.10.win32_1.0.0.202111181127/tools/bin/../lib/gcc/arm-none-eabi/10.3.1/../../../../arm-none-eabi/lib/thumb/v7e-m+fp/hard\libc_nano.a
LOAD c:/st/stm32cubeide_1.9.0/stm32cubeide/plugins/com.st.stm32cube.ide.mcu.externaltools.gnu-tools-for-stm32.10.3-2021.10.win32_1.0.0.202111181127/tools/bin/../lib/gcc/arm-none-eabi/10.3.1/../../../../arm-none-eabi/lib/thumb/v7e-m+fp/hard\libm.a
END GROUP
START GROUP
LOAD c:/st/stm32cubeide_1.9.0/stm32cubeide/plugins/com.st.stm32cube.ide.mcu.externaltools.gnu-tools-for-stm32.10.3-2021.10.win32_1.0.0.202111181127/tools/bin/../lib/gcc/arm-none-eabi/10.3.1/thumb/v7e-m+fp/hard\libgcc.a
LOAD c:/st/stm32cubeide_1.9.0/stm32cubeide/plugins/com.st.stm32cube.ide.mcu.externaltools.gnu-tools-for-stm32.10.3-2021.10.win32_1.0.0.202111181127/tools/bin/../lib/gcc/arm-none-eabi/10.3.1/../../../../arm-none-eabi/lib/thumb/v7e-m+fp/hard\libc_nano.a
END GROUP
START GROUP
LOAD c:/st/stm32cubeide_1.9.0/stm32cubeide/plugins/com.st.stm32cube.ide.mcu.externaltools.gnu-tools-for-stm32.10.3-2021.10.win32_1.0.0.202111181127/tools/bin/../lib/gcc/arm-none-eabi/10.3.1/thumb/v7e-m+fp/hard\libgcc.a
LOAD c:/st/stm32cubeide_1.9.0/stm32cubeide/plugins/com.st.stm32cube.ide.mcu.externaltools.gnu-tools-for-stm32.10.3-2021.10.win32_1.0.0.202111181127/tools/bin/../lib/gcc/arm-none-eabi/10.3.1/../../../../arm-none-eabi/lib/thumb/v7e-m+fp/hard\libc_nano.a
LOAD c:/st/stm32cubeide_1.9.0/stm32cubeide/plugins/com.st.stm32cube.ide.mcu.externaltools.gnu-tools-for-stm32.10.3-2021.10.win32_1.0.0.202111181127/tools/bin/../lib/gcc/arm-none-eabi/10.3.1/../../../../arm-none-eabi/lib/thumb/v7e-m+fp/hard\libnosys.a
END GROUP
START GROUP
LOAD c:/st/stm32cubeide_1.9.0/stm32cubeide/plugins/com.st.stm32cube.ide.mcu.externaltools.gnu-tools-for-stm32.10.3-2021.10.win32_1.0.0.202111181127/tools/bin/../lib/gcc/arm-none-eabi/10.3.1/thumb/v7e-m+fp/hard\libgcc.a
LOAD c:/st/stm32cubeide_1.9.0/stm32cubeide/plugins/com.st.stm32cube.ide.mcu.externaltools.gnu-tools-for-stm32.10.3-2021.10.win32_1.0.0.202111181127/tools/bin/../lib/gcc/arm-none-eabi/10.3.1/../../../../arm-none-eabi/lib/thumb/v7e-m+fp/hard\libc_nano.a
LOAD c:/st/stm32cubeide_1.9.0/stm32cubeide/plugins/com.st.stm32cube.ide.mcu.externaltools.gnu-tools-for-stm32.10.3-2021.10.win32_1.0.0.202111181127/tools/bin/../lib/gcc/arm-none-eabi/10.3.1/../../../../arm-none-eabi/lib/thumb/v7e-m+fp/hard\libnosys.a
END GROUP
LOAD c:/st/stm32cubeide_1.9.0/stm32cubeide/plugins/com.st.stm32cube.ide.mcu.externaltools.gnu-tools-for-stm32.10.3-2021.10.win32_1.0.0.202111181127/tools/bin/../lib/gcc/arm-none-eabi/10.3.1/thumb/v7e-m+fp/hard/crtend.o
LOAD c:/st/stm32cubeide_1.9.0/stm32cubeide/plugins/com.st.stm32cube.ide.mcu.externaltools.gnu-tools-for-stm32.10.3-2021.10.win32_1.0.0.202111181127/tools/bin/../lib/gcc/arm-none-eabi/10.3.1/thumb/v7e-m+fp/hard/crtn.o
                0x0000000020030000                _estack = (ORIGIN (RAM) + LENGTH (RAM))
                0x0000000000000200                _Min_Heap_Size = 0x200
                0x0000000000000400                _Min_Stack_Size = 0x400

.isr_vector     0x0000000008000000      0x1ac
                0x0000000008000000                . = ALIGN (0x4)
 *(.isr_vector)
 .isr_vector    0x0000000008000000      0x1ac ./Core/Startup/startup_stm32f427vitx.o
                0x0000000008000000                g_pfnVectors
                0x00000000080001ac                . = ALIGN (0x4)

.text           0x00000000080001b0     0x52a0
                0x00000000080001b0                . = ALIGN (0x4)
 *(.text)
 .text          0x00000000080001b0       0x40 c:/st/stm32cubeide_1.9.0/stm32cubeide/plugins/com.st.stm32cube.ide.mcu.externaltools.gnu-tools-for-stm32.10.3-2021.10.win32_1.0.0.202111181127/tools/bin/../lib/gcc/arm-none-eabi/10.3.1/thumb/v7e-m+fp/hard/crtbegin.o
 .text          0x00000000080001f0       0x10 c:/st/stm32cubeide_1.9.0/stm32cubeide/plugins/com.st.stm32cube.ide.mcu.externaltools.gnu-tools-for-stm32.10.3-2021.10.win32_1.0.0.202111181127/tools/bin/../lib/gcc/arm-none-eabi/10.3.1/../../../../arm-none-eabi/lib/thumb/v7e-m+fp/hard\libc_nano.a(lib_a-strlen.o)
                0x00000000080001f0                strlen
 .text          0x0000000008000200       0xa0 c:/st/stm32cubeide_1.9.0/stm32cubeide/plugins/com.st.stm32cube.ide.mcu.externaltools.gnu-tools-for-stm32.10.3-2021.10.win32_1.0.0.202111181127/tools/bin/../lib/gcc/arm-none-eabi/10.3.1/../../../../arm-none-eabi/lib/thumb/v7e-m+fp/hard\libc_nano.a(lib_a-memchr.o)
                0x0000000008000200                memchr
 .text          0x00000000080002a0      0x378 c:/st/stm32cubeide_1.9.0/stm32cubeide/plugins/com.st.stm32cube.ide.mcu.externaltools.gnu-tools-for-stm32.10.3-2021.10.win32_1.0.0.202111181127/tools/bin/../lib/gcc/arm-none-eabi/10.3.1/thumb/v7e-m+fp/hard\libgcc.a(_arm_addsubdf3.o)
                0x00000000080002a0                __aeabi_drsub
                0x00000000080002a8                __aeabi_dsub
                0x00000000080002a8                __subdf3
                0x00000000080002ac                __aeabi_dadd
                0x00000000080002ac                __adddf3
                0x0000000008000524                __floatunsidf
                0x0000000008000524                __aeabi_ui2d
                0x0000000008000544                __floatsidf
                0x0000000008000544                __aeabi_i2d
                0x0000000008000568                __aeabi_f2d
                0x0000000008000568                __extendsfdf2
                0x00000000080005ac                __floatundidf
                0x00000000080005ac                __aeabi_ul2d
                0x00000000080005bc                __floatdidf
                0x00000000080005bc                __aeabi_l2d
 .text          0x0000000008000618       0x30 c:/st/stm32cubeide_1.9.0/stm32cubeide/plugins/com.st.stm32cube.ide.mcu.externaltools.gnu-tools-for-stm32.10.3-2021.10.win32_1.0.0.202111181127/tools/bin/../lib/gcc/arm-none-eabi/10.3.1/thumb/v7e-m+fp/hard\libgcc.a(_aeabi_uldivmod.o)
                0x0000000008000618                __aeabi_uldivmod
 .text          0x0000000008000648      0x2d0 c:/st/stm32cubeide_1.9.0/stm32cubeide/plugins/com.st.stm32cube.ide.mcu.externaltools.gnu-tools-for-stm32.10.3-2021.10.win32_1.0.0.202111181127/tools/bin/../lib/gcc/arm-none-eabi/10.3.1/thumb/v7e-m+fp/hard\libgcc.a(_udivmoddi4.o)
                0x0000000008000648                __udivmoddi4
 .text          0x0000000008000918        0x4 c:/st/stm32cubeide_1.9.0/stm32cubeide/plugins/com.st.stm32cube.ide.mcu.externaltools.gnu-tools-for-stm32.10.3-2021.10.win32_1.0.0.202111181127/tools/bin/../lib/gcc/arm-none-eabi/10.3.1/thumb/v7e-m+fp/hard\libgcc.a(_dvmd_tls.o)
                0x0000000008000918                __aeabi_idiv0
                0x0000000008000918                __aeabi_ldiv0
 *(.text*)
 .text.main     0x000000000800091c       0x22 ./Core/Src/main.o
                0x000000000800091c                main
 *fill*         0x000000000800093e        0x2 
 .text.SystemClock_Config
                0x0000000008000940       0xc0 ./Core/Src/main.o
                0x0000000008000940                SystemClock_Config
 .text.MX_I2C1_Init
                0x0000000008000a00       0x80 ./Core/Src/main.o
 .text.MX_USART6_UART_Init
                0x0000000008000a80       0x54 ./Core/Src/main.o
 .text.MX_GPIO_Init
                0x0000000008000ad4       0xdc ./Core/Src/main.o
 .text.doCycle  0x0000000008000bb0       0x28 ./Core/Src/main.o
                0x0000000008000bb0                doCycle
 .text.toggleLed
                0x0000000008000bd8       0x20 ./Core/Src/main.o
                0x0000000008000bd8                toggleLed
 .text.init_lsm9ds1
                0x0000000008000bf8       0xbc ./Core/Src/main.o
                0x0000000008000bf8                init_lsm9ds1
 .text.readImu  0x0000000008000cb4      0x174 ./Core/Src/main.o
                0x0000000008000cb4                readImu
 .text.platform_write_imu
                0x0000000008000e28       0x44 ./Core/Src/main.o
 .text.platform_read_imu
                0x0000000008000e6c       0x44 ./Core/Src/main.o
 .text.platform_write_mag
                0x0000000008000eb0       0x4c ./Core/Src/main.o
 .text.platform_read_mag
                0x0000000008000efc       0x4c ./Core/Src/main.o
 .text.tx_com   0x0000000008000f48       0x28 ./Core/Src/main.o
 .text.Error_Handler
                0x0000000008000f70       0x28 ./Core/Src/main.o
                0x0000000008000f70                Error_Handler
 .text.HAL_MspInit
                0x0000000008000f98       0x50 ./Core/Src/stm32f4xx_hal_msp.o
                0x0000000008000f98                HAL_MspInit
 .text.HAL_I2C_MspInit
                0x0000000008000fe8       0x90 ./Core/Src/stm32f4xx_hal_msp.o
                0x0000000008000fe8                HAL_I2C_MspInit
 .text.HAL_UART_MspInit
                0x0000000008001078       0xa0 ./Core/Src/stm32f4xx_hal_msp.o
                0x0000000008001078                HAL_UART_MspInit
 .text.NMI_Handler
                0x0000000008001118        0x6 ./Core/Src/stm32f4xx_it.o
                0x0000000008001118                NMI_Handler
 .text.HardFault_Handler
                0x000000000800111e        0x6 ./Core/Src/stm32f4xx_it.o
                0x000000000800111e                HardFault_Handler
 .text.MemManage_Handler
                0x0000000008001124        0x6 ./Core/Src/stm32f4xx_it.o
                0x0000000008001124                MemManage_Handler
 .text.BusFault_Handler
                0x000000000800112a        0x6 ./Core/Src/stm32f4xx_it.o
                0x000000000800112a                BusFault_Handler
 .text.UsageFault_Handler
                0x0000000008001130        0x6 ./Core/Src/stm32f4xx_it.o
                0x0000000008001130                UsageFault_Handler
 .text.SVC_Handler
                0x0000000008001136        0xe ./Core/Src/stm32f4xx_it.o
                0x0000000008001136                SVC_Handler
 .text.DebugMon_Handler
                0x0000000008001144        0xe ./Core/Src/stm32f4xx_it.o
                0x0000000008001144                DebugMon_Handler
 .text.PendSV_Handler
                0x0000000008001152        0xe ./Core/Src/stm32f4xx_it.o
                0x0000000008001152                PendSV_Handler
 .text.SysTick_Handler
                0x0000000008001160        0xc ./Core/Src/stm32f4xx_it.o
                0x0000000008001160                SysTick_Handler
 .text.USART6_IRQHandler
                0x000000000800116c       0x14 ./Core/Src/stm32f4xx_it.o
                0x000000000800116c                USART6_IRQHandler
 .text._sbrk    0x0000000008001180       0x6c ./Core/Src/sysmem.o
                0x0000000008001180                _sbrk
 .text.SystemInit
                0x00000000080011ec       0x24 ./Core/Src/system_stm32f4xx.o
                0x00000000080011ec                SystemInit
 .text.Reset_Handler
                0x0000000008001210       0x50 ./Core/Startup/startup_stm32f427vitx.o
                0x0000000008001210                Reset_Handler
 .text.Default_Handler
                0x0000000008001260        0x2 ./Core/Startup/startup_stm32f427vitx.o
                0x0000000008001260                RTC_Alarm_IRQHandler
                0x0000000008001260                HASH_RNG_IRQHandler
                0x0000000008001260                EXTI2_IRQHandler
                0x0000000008001260                TIM8_CC_IRQHandler
                0x0000000008001260                UART8_IRQHandler
                0x0000000008001260                SPI4_IRQHandler
                0x0000000008001260                TIM1_CC_IRQHandler
                0x0000000008001260                DMA2_Stream5_IRQHandler
                0x0000000008001260                DMA1_Stream5_IRQHandler
                0x0000000008001260                PVD_IRQHandler
                0x0000000008001260                SDIO_IRQHandler
                0x0000000008001260                TAMP_STAMP_IRQHandler
                0x0000000008001260                CAN2_RX1_IRQHandler
                0x0000000008001260                EXTI3_IRQHandler
                0x0000000008001260                TIM8_TRG_COM_TIM14_IRQHandler
                0x0000000008001260                TIM1_UP_TIM10_IRQHandler
                0x0000000008001260                TIM8_UP_TIM13_IRQHandler
                0x0000000008001260                I2C3_ER_IRQHandler
                0x0000000008001260                EXTI0_IRQHandler
                0x0000000008001260                I2C2_EV_IRQHandler
                0x0000000008001260                DMA1_Stream2_IRQHandler
                0x0000000008001260                CAN1_RX0_IRQHandler
                0x0000000008001260                FPU_IRQHandler
                0x0000000008001260                OTG_HS_WKUP_IRQHandler
                0x0000000008001260                CAN2_SCE_IRQHandler
                0x0000000008001260                DMA2_Stream2_IRQHandler
                0x0000000008001260                SPI1_IRQHandler
                0x0000000008001260                TIM6_DAC_IRQHandler
                0x0000000008001260                TIM1_BRK_TIM9_IRQHandler
                0x0000000008001260                DCMI_IRQHandler
                0x0000000008001260                CAN2_RX0_IRQHandler
                0x0000000008001260                DMA2_Stream3_IRQHandler
                0x0000000008001260                USART3_IRQHandler
                0x0000000008001260                CAN1_RX1_IRQHandler
                0x0000000008001260                UART5_IRQHandler
                0x0000000008001260                DMA2_Stream0_IRQHandler
                0x0000000008001260                TIM4_IRQHandler
                0x0000000008001260                I2C1_EV_IRQHandler
                0x0000000008001260                DMA1_Stream6_IRQHandler
                0x0000000008001260                DMA1_Stream1_IRQHandler
                0x0000000008001260                UART4_IRQHandler
                0x0000000008001260                TIM3_IRQHandler
                0x0000000008001260                RCC_IRQHandler
                0x0000000008001260                TIM8_BRK_TIM12_IRQHandler
                0x0000000008001260                Default_Handler
                0x0000000008001260                EXTI15_10_IRQHandler
                0x0000000008001260                ADC_IRQHandler
                0x0000000008001260                DMA1_Stream7_IRQHandler
                0x0000000008001260                SPI5_IRQHandler
                0x0000000008001260                TIM7_IRQHandler
                0x0000000008001260                CAN2_TX_IRQHandler
                0x0000000008001260                TIM5_IRQHandler
                0x0000000008001260                DMA2_Stream7_IRQHandler
                0x0000000008001260                I2C3_EV_IRQHandler
                0x0000000008001260                EXTI9_5_IRQHandler
                0x0000000008001260                RTC_WKUP_IRQHandler
                0x0000000008001260                ETH_WKUP_IRQHandler
                0x0000000008001260                SPI2_IRQHandler
                0x0000000008001260                OTG_HS_EP1_IN_IRQHandler
                0x0000000008001260                DMA1_Stream0_IRQHandler
                0x0000000008001260                CAN1_TX_IRQHandler
                0x0000000008001260                EXTI4_IRQHandler
                0x0000000008001260                ETH_IRQHandler
                0x0000000008001260                OTG_HS_EP1_OUT_IRQHandler
                0x0000000008001260                WWDG_IRQHandler
                0x0000000008001260                SPI6_IRQHandler
                0x0000000008001260                TIM2_IRQHandler
                0x0000000008001260                OTG_FS_WKUP_IRQHandler
                0x0000000008001260                TIM1_TRG_COM_TIM11_IRQHandler
                0x0000000008001260                OTG_HS_IRQHandler
                0x0000000008001260                DMA2D_IRQHandler
                0x0000000008001260                EXTI1_IRQHandler
                0x0000000008001260                UART7_IRQHandler
                0x0000000008001260                USART2_IRQHandler
                0x0000000008001260                I2C2_ER_IRQHandler
                0x0000000008001260                DMA2_Stream1_IRQHandler
                0x0000000008001260                CAN1_SCE_IRQHandler
                0x0000000008001260                FLASH_IRQHandler
                0x0000000008001260                DMA2_Stream4_IRQHandler
                0x0000000008001260                USART1_IRQHandler
                0x0000000008001260                OTG_FS_IRQHandler
                0x0000000008001260                SPI3_IRQHandler
                0x0000000008001260                DMA1_Stream4_IRQHandler
                0x0000000008001260                I2C1_ER_IRQHandler
                0x0000000008001260                FMC_IRQHandler
                0x0000000008001260                DMA2_Stream6_IRQHandler
                0x0000000008001260                SAI1_IRQHandler
                0x0000000008001260                DMA1_Stream3_IRQHandler
 *fill*         0x0000000008001262        0x2 
 .text.HAL_Init
                0x0000000008001264       0x44 ./Drivers/STM32F4xx_HAL_Driver/Src/stm32f4xx_hal.o
                0x0000000008001264                HAL_Init
 .text.HAL_InitTick
                0x00000000080012a8       0x60 ./Drivers/STM32F4xx_HAL_Driver/Src/stm32f4xx_hal.o
                0x00000000080012a8                HAL_InitTick
 .text.HAL_IncTick
                0x0000000008001308       0x28 ./Drivers/STM32F4xx_HAL_Driver/Src/stm32f4xx_hal.o
                0x0000000008001308                HAL_IncTick
 .text.HAL_GetTick
                0x0000000008001330       0x18 ./Drivers/STM32F4xx_HAL_Driver/Src/stm32f4xx_hal.o
                0x0000000008001330                HAL_GetTick
 .text.HAL_Delay
                0x0000000008001348       0x48 ./Drivers/STM32F4xx_HAL_Driver/Src/stm32f4xx_hal.o
                0x0000000008001348                HAL_Delay
 .text.__NVIC_SetPriorityGrouping
                0x0000000008001390       0x48 ./Drivers/STM32F4xx_HAL_Driver/Src/stm32f4xx_hal_cortex.o
 .text.__NVIC_GetPriorityGrouping
                0x00000000080013d8       0x1c ./Drivers/STM32F4xx_HAL_Driver/Src/stm32f4xx_hal_cortex.o
 .text.__NVIC_EnableIRQ
                0x00000000080013f4       0x3c ./Drivers/STM32F4xx_HAL_Driver/Src/stm32f4xx_hal_cortex.o
 .text.__NVIC_SetPriority
                0x0000000008001430       0x54 ./Drivers/STM32F4xx_HAL_Driver/Src/stm32f4xx_hal_cortex.o
 .text.NVIC_EncodePriority
                0x0000000008001484       0x66 ./Drivers/STM32F4xx_HAL_Driver/Src/stm32f4xx_hal_cortex.o
 *fill*         0x00000000080014ea        0x2 
 .text.SysTick_Config
                0x00000000080014ec       0x44 ./Drivers/STM32F4xx_HAL_Driver/Src/stm32f4xx_hal_cortex.o
 .text.HAL_NVIC_SetPriorityGrouping
                0x0000000008001530       0x16 ./Drivers/STM32F4xx_HAL_Driver/Src/stm32f4xx_hal_cortex.o
                0x0000000008001530                HAL_NVIC_SetPriorityGrouping
 .text.HAL_NVIC_SetPriority
                0x0000000008001546       0x38 ./Drivers/STM32F4xx_HAL_Driver/Src/stm32f4xx_hal_cortex.o
                0x0000000008001546                HAL_NVIC_SetPriority
 .text.HAL_NVIC_EnableIRQ
                0x000000000800157e       0x1c ./Drivers/STM32F4xx_HAL_Driver/Src/stm32f4xx_hal_cortex.o
                0x000000000800157e                HAL_NVIC_EnableIRQ
 .text.HAL_SYSTICK_Config
                0x000000000800159a       0x18 ./Drivers/STM32F4xx_HAL_Driver/Src/stm32f4xx_hal_cortex.o
                0x000000000800159a                HAL_SYSTICK_Config
 .text.HAL_DMA_Abort
                0x00000000080015b2       0xe0 ./Drivers/STM32F4xx_HAL_Driver/Src/stm32f4xx_hal_dma.o
                0x00000000080015b2                HAL_DMA_Abort
 .text.HAL_DMA_Abort_IT
                0x0000000008001692       0x44 ./Drivers/STM32F4xx_HAL_Driver/Src/stm32f4xx_hal_dma.o
                0x0000000008001692                HAL_DMA_Abort_IT
 *fill*         0x00000000080016d6        0x2 
 .text.HAL_GPIO_Init
                0x00000000080016d8      0x358 ./Drivers/STM32F4xx_HAL_Driver/Src/stm32f4xx_hal_gpio.o
                0x00000000080016d8                HAL_GPIO_Init
 .text.HAL_GPIO_WritePin
                0x0000000008001a30       0x32 ./Drivers/STM32F4xx_HAL_Driver/Src/stm32f4xx_hal_gpio.o
                0x0000000008001a30                HAL_GPIO_WritePin
 .text.HAL_GPIO_TogglePin
                0x0000000008001a62       0x34 ./Drivers/STM32F4xx_HAL_Driver/Src/stm32f4xx_hal_gpio.o
                0x0000000008001a62                HAL_GPIO_TogglePin
 *fill*         0x0000000008001a96        0x2 
 .text.HAL_I2C_Init
                0x0000000008001a98      0x288 ./Drivers/STM32F4xx_HAL_Driver/Src/stm32f4xx_hal_i2c.o
                0x0000000008001a98                HAL_I2C_Init
 .text.HAL_I2C_Mem_Write
                0x0000000008001d20      0x1f4 ./Drivers/STM32F4xx_HAL_Driver/Src/stm32f4xx_hal_i2c.o
                0x0000000008001d20                HAL_I2C_Mem_Write
 .text.HAL_I2C_Mem_Read
                0x0000000008001f14      0x44c ./Drivers/STM32F4xx_HAL_Driver/Src/stm32f4xx_hal_i2c.o
                0x0000000008001f14                HAL_I2C_Mem_Read
 .text.I2C_RequestMemoryWrite
                0x0000000008002360      0x12c ./Drivers/STM32F4xx_HAL_Driver/Src/stm32f4xx_hal_i2c.o
 .text.I2C_RequestMemoryRead
                0x000000000800248c      0x1d0 ./Drivers/STM32F4xx_HAL_Driver/Src/stm32f4xx_hal_i2c.o
 .text.I2C_WaitOnFlagUntilTimeout
                0x000000000800265c       0xae ./Drivers/STM32F4xx_HAL_Driver/Src/stm32f4xx_hal_i2c.o
 .text.I2C_WaitOnMasterAddressFlagUntilTimeout
                0x000000000800270a       0xfe ./Drivers/STM32F4xx_HAL_Driver/Src/stm32f4xx_hal_i2c.o
 .text.I2C_WaitOnTXEFlagUntilTimeout
                0x0000000008002808       0x82 ./Drivers/STM32F4xx_HAL_Driver/Src/stm32f4xx_hal_i2c.o
 .text.I2C_WaitOnBTFFlagUntilTimeout
                0x000000000800288a       0x82 ./Drivers/STM32F4xx_HAL_Driver/Src/stm32f4xx_hal_i2c.o
 .text.I2C_WaitOnRXNEFlagUntilTimeout
                0x000000000800290c       0xac ./Drivers/STM32F4xx_HAL_Driver/Src/stm32f4xx_hal_i2c.o
 .text.I2C_IsAcknowledgeFailed
                0x00000000080029b8       0x5e ./Drivers/STM32F4xx_HAL_Driver/Src/stm32f4xx_hal_i2c.o
 .text.HAL_I2CEx_ConfigAnalogFilter
                0x0000000008002a16       0x78 ./Drivers/STM32F4xx_HAL_Driver/Src/stm32f4xx_hal_i2c_ex.o
                0x0000000008002a16                HAL_I2CEx_ConfigAnalogFilter
 .text.HAL_I2CEx_ConfigDigitalFilter
                0x0000000008002a8e       0x7e ./Drivers/STM32F4xx_HAL_Driver/Src/stm32f4xx_hal_i2c_ex.o
                0x0000000008002a8e                HAL_I2CEx_ConfigDigitalFilter
 .text.HAL_RCC_OscConfig
                0x0000000008002b0c      0x4f0 ./Drivers/STM32F4xx_HAL_Driver/Src/stm32f4xx_hal_rcc.o
                0x0000000008002b0c                HAL_RCC_OscConfig
 .text.HAL_RCC_ClockConfig
                0x0000000008002ffc      0x1cc ./Drivers/STM32F4xx_HAL_Driver/Src/stm32f4xx_hal_rcc.o
                0x0000000008002ffc                HAL_RCC_ClockConfig
 .text.HAL_RCC_GetSysClockFreq
                0x00000000080031c8      0x18c ./Drivers/STM32F4xx_HAL_Driver/Src/stm32f4xx_hal_rcc.o
                0x00000000080031c8                HAL_RCC_GetSysClockFreq
 .text.HAL_RCC_GetHCLKFreq
                0x0000000008003354       0x18 ./Drivers/STM32F4xx_HAL_Driver/Src/stm32f4xx_hal_rcc.o
                0x0000000008003354                HAL_RCC_GetHCLKFreq
 .text.HAL_RCC_GetPCLK1Freq
                0x000000000800336c       0x28 ./Drivers/STM32F4xx_HAL_Driver/Src/stm32f4xx_hal_rcc.o
                0x000000000800336c                HAL_RCC_GetPCLK1Freq
 .text.HAL_RCC_GetPCLK2Freq
                0x0000000008003394       0x28 ./Drivers/STM32F4xx_HAL_Driver/Src/stm32f4xx_hal_rcc.o
                0x0000000008003394                HAL_RCC_GetPCLK2Freq
 .text.HAL_UART_Init
                0x00000000080033bc       0x9a ./Drivers/STM32F4xx_HAL_Driver/Src/stm32f4xx_hal_uart.o
                0x00000000080033bc                HAL_UART_Init
 .text.HAL_UART_Transmit
                0x0000000008003456      0x124 ./Drivers/STM32F4xx_HAL_Driver/Src/stm32f4xx_hal_uart.o
                0x0000000008003456                HAL_UART_Transmit
 *fill*         0x000000000800357a        0x2 
 .text.HAL_UART_IRQHandler
                0x000000000800357c      0x51c ./Drivers/STM32F4xx_HAL_Driver/Src/stm32f4xx_hal_uart.o
                0x000000000800357c                HAL_UART_IRQHandler
 .text.HAL_UART_TxCpltCallback
                0x0000000008003a98       0x14 ./Drivers/STM32F4xx_HAL_Driver/Src/stm32f4xx_hal_uart.o
                0x0000000008003a98                HAL_UART_TxCpltCallback
 .text.HAL_UART_RxCpltCallback
                0x0000000008003aac       0x14 ./Drivers/STM32F4xx_HAL_Driver/Src/stm32f4xx_hal_uart.o
                0x0000000008003aac                HAL_UART_RxCpltCallback
 .text.HAL_UART_ErrorCallback
                0x0000000008003ac0       0x14 ./Drivers/STM32F4xx_HAL_Driver/Src/stm32f4xx_hal_uart.o
                0x0000000008003ac0                HAL_UART_ErrorCallback
 .text.HAL_UARTEx_RxEventCallback
                0x0000000008003ad4       0x18 ./Drivers/STM32F4xx_HAL_Driver/Src/stm32f4xx_hal_uart.o
                0x0000000008003ad4                HAL_UARTEx_RxEventCallback
 .text.UART_WaitOnFlagUntilTimeout
                0x0000000008003aec       0xdc ./Drivers/STM32F4xx_HAL_Driver/Src/stm32f4xx_hal_uart.o
 .text.UART_EndRxTransfer
                0x0000000008003bc8       0xc6 ./Drivers/STM32F4xx_HAL_Driver/Src/stm32f4xx_hal_uart.o
 .text.UART_DMAAbortOnError
                0x0000000008003c8e       0x28 ./Drivers/STM32F4xx_HAL_Driver/Src/stm32f4xx_hal_uart.o
 .text.UART_Transmit_IT
                0x0000000008003cb6       0xa0 ./Drivers/STM32F4xx_HAL_Driver/Src/stm32f4xx_hal_uart.o
 .text.UART_EndTransmit_IT
                0x0000000008003d56       0x30 ./Drivers/STM32F4xx_HAL_Driver/Src/stm32f4xx_hal_uart.o
 .text.UART_Receive_IT
                0x0000000008003d86      0x176 ./Drivers/STM32F4xx_HAL_Driver/Src/stm32f4xx_hal_uart.o
 .text.UART_SetConfig
                0x0000000008003efc      0x4e8 ./Drivers/STM32F4xx_HAL_Driver/Src/stm32f4xx_hal_uart.o
 .text.lsm9ds1_read_reg
                0x00000000080043e4       0x30 ./Drivers/lsm9ds1/lsm9ds1_reg.o
                0x00000000080043e4                lsm9ds1_read_reg
 .text.lsm9ds1_write_reg
                0x0000000008004414       0x30 ./Drivers/lsm9ds1/lsm9ds1_reg.o
                0x0000000008004414                lsm9ds1_write_reg
 .text.lsm9ds1_from_fs4g_to_mg
                0x0000000008004444       0x30 ./Drivers/lsm9ds1/lsm9ds1_reg.o
                0x0000000008004444                lsm9ds1_from_fs4g_to_mg
 .text.lsm9ds1_from_fs2000dps_to_mdps
                0x0000000008004474       0x30 ./Drivers/lsm9ds1/lsm9ds1_reg.o
                0x0000000008004474                lsm9ds1_from_fs2000dps_to_mdps
 .text.lsm9ds1_gy_full_scale_set
                0x00000000080044a4       0x4c ./Drivers/lsm9ds1/lsm9ds1_reg.o
                0x00000000080044a4                lsm9ds1_gy_full_scale_set
 .text.lsm9ds1_imu_data_rate_set
                0x00000000080044f0       0xca ./Drivers/lsm9ds1/lsm9ds1_reg.o
                0x00000000080044f0                lsm9ds1_imu_data_rate_set
 .text.lsm9ds1_xl_full_scale_set
                0x00000000080045ba       0x4c ./Drivers/lsm9ds1/lsm9ds1_reg.o
                0x00000000080045ba                lsm9ds1_xl_full_scale_set
 .text.lsm9ds1_block_data_update_set
                0x0000000008004606       0x9e ./Drivers/lsm9ds1/lsm9ds1_reg.o
                0x0000000008004606                lsm9ds1_block_data_update_set
 .text.lsm9ds1_angular_rate_raw_get
                0x00000000080046a4       0x96 ./Drivers/lsm9ds1/lsm9ds1_reg.o
                0x00000000080046a4                lsm9ds1_angular_rate_raw_get
 .text.lsm9ds1_acceleration_raw_get
                0x000000000800473a       0x96 ./Drivers/lsm9ds1/lsm9ds1_reg.o
                0x000000000800473a                lsm9ds1_acceleration_raw_get
 .text.lsm9ds1_dev_id_get
                0x00000000080047d0       0x3a ./Drivers/lsm9ds1/lsm9ds1_reg.o
                0x00000000080047d0                lsm9ds1_dev_id_get
 .text.lsm9ds1_dev_status_get
                0x000000000800480a       0x3a ./Drivers/lsm9ds1/lsm9ds1_reg.o
                0x000000000800480a                lsm9ds1_dev_status_get
 .text.lsm9ds1_dev_reset_set
                0x0000000008004844       0x8a ./Drivers/lsm9ds1/lsm9ds1_reg.o
                0x0000000008004844                lsm9ds1_dev_reset_set
 .text.lsm9ds1_gy_filter_lp_bandwidth_set
                0x00000000080048ce       0x4c ./Drivers/lsm9ds1/lsm9ds1_reg.o
                0x00000000080048ce                lsm9ds1_gy_filter_lp_bandwidth_set
 .text.lsm9ds1_gy_filter_out_path_set
                0x000000000800491a       0x8a ./Drivers/lsm9ds1/lsm9ds1_reg.o
                0x000000000800491a                lsm9ds1_gy_filter_out_path_set
 .text.lsm9ds1_gy_filter_hp_bandwidth_set
                0x00000000080049a4       0x4c ./Drivers/lsm9ds1/lsm9ds1_reg.o
                0x00000000080049a4                lsm9ds1_gy_filter_hp_bandwidth_set
 .text.lsm9ds1_xl_filter_aalias_bandwidth_set
                0x00000000080049f0       0x5e ./Drivers/lsm9ds1/lsm9ds1_reg.o
                0x00000000080049f0                lsm9ds1_xl_filter_aalias_bandwidth_set
 .text.lsm9ds1_xl_filter_out_path_set
                0x0000000008004a4e       0x4c ./Drivers/lsm9ds1/lsm9ds1_reg.o
                0x0000000008004a4e                lsm9ds1_xl_filter_out_path_set
 .text.lsm9ds1_xl_filter_lp_bandwidth_set
                0x0000000008004a9a       0x5e ./Drivers/lsm9ds1/lsm9ds1_reg.o
                0x0000000008004a9a                lsm9ds1_xl_filter_lp_bandwidth_set
 .text.__errno  0x0000000008004af8        0xc c:/st/stm32cubeide_1.9.0/stm32cubeide/plugins/com.st.stm32cube.ide.mcu.externaltools.gnu-tools-for-stm32.10.3-2021.10.win32_1.0.0.202111181127/tools/bin/../lib/gcc/arm-none-eabi/10.3.1/../../../../arm-none-eabi/lib/thumb/v7e-m+fp/hard\libc_nano.a(lib_a-errno.o)
                0x0000000008004af8                __errno
 .text.__libc_init_array
                0x0000000008004b04       0x48 c:/st/stm32cubeide_1.9.0/stm32cubeide/plugins/com.st.stm32cube.ide.mcu.externaltools.gnu-tools-for-stm32.10.3-2021.10.win32_1.0.0.202111181127/tools/bin/../lib/gcc/arm-none-eabi/10.3.1/../../../../arm-none-eabi/lib/thumb/v7e-m+fp/hard\libc_nano.a(lib_a-init.o)
                0x0000000008004b04                __libc_init_array
 .text.memset   0x0000000008004b4c       0x10 c:/st/stm32cubeide_1.9.0/stm32cubeide/plugins/com.st.stm32cube.ide.mcu.externaltools.gnu-tools-for-stm32.10.3-2021.10.win32_1.0.0.202111181127/tools/bin/../lib/gcc/arm-none-eabi/10.3.1/../../../../arm-none-eabi/lib/thumb/v7e-m+fp/hard\libc_nano.a(lib_a-memset.o)
                0x0000000008004b4c                memset
 .text.sprintf  0x0000000008004b5c       0x40 c:/st/stm32cubeide_1.9.0/stm32cubeide/plugins/com.st.stm32cube.ide.mcu.externaltools.gnu-tools-for-stm32.10.3-2021.10.win32_1.0.0.202111181127/tools/bin/../lib/gcc/arm-none-eabi/10.3.1/../../../../arm-none-eabi/lib/thumb/v7e-m+fp/hard\libc_nano.a(lib_a-sprintf.o)
                0x0000000008004b5c                siprintf
                0x0000000008004b5c                sprintf
 .text.__ssputs_r
                0x0000000008004b9c       0xb6 c:/st/stm32cubeide_1.9.0/stm32cubeide/plugins/com.st.stm32cube.ide.mcu.externaltools.gnu-tools-for-stm32.10.3-2021.10.win32_1.0.0.202111181127/tools/bin/../lib/gcc/arm-none-eabi/10.3.1/../../../../arm-none-eabi/lib/thumb/v7e-m+fp/hard\libc_nano.a(lib_a-nano-svfprintf.o)
                0x0000000008004b9c                __ssputs_r
 *fill*         0x0000000008004c52        0x2 
 .text._svfprintf_r
                0x0000000008004c54      0x200 c:/st/stm32cubeide_1.9.0/stm32cubeide/plugins/com.st.stm32cube.ide.mcu.externaltools.gnu-tools-for-stm32.10.3-2021.10.win32_1.0.0.202111181127/tools/bin/../lib/gcc/arm-none-eabi/10.3.1/../../../../arm-none-eabi/lib/thumb/v7e-m+fp/hard\libc_nano.a(lib_a-nano-svfprintf.o)
                0x0000000008004c54                _svfiprintf_r
                0x0000000008004c54                _svfprintf_r
 .text._printf_common
                0x0000000008004e54       0xda c:/st/stm32cubeide_1.9.0/stm32cubeide/plugins/com.st.stm32cube.ide.mcu.externaltools.gnu-tools-for-stm32.10.3-2021.10.win32_1.0.0.202111181127/tools/bin/../lib/gcc/arm-none-eabi/10.3.1/../../../../arm-none-eabi/lib/thumb/v7e-m+fp/hard\libc_nano.a(lib_a-nano-vfprintf_i.o)
                0x0000000008004e54                _printf_common
 *fill*         0x0000000008004f2e        0x2 
 .text._printf_i
                0x0000000008004f30      0x24c c:/st/stm32cubeide_1.9.0/stm32cubeide/plugins/com.st.stm32cube.ide.mcu.externaltools.gnu-tools-for-stm32.10.3-2021.10.win32_1.0.0.202111181127/tools/bin/../lib/gcc/arm-none-eabi/10.3.1/../../../../arm-none-eabi/lib/thumb/v7e-m+fp/hard\libc_nano.a(lib_a-nano-vfprintf_i.o)
                0x0000000008004f30                _printf_i
 .text.memcpy   0x000000000800517c       0x1c c:/st/stm32cubeide_1.9.0/stm32cubeide/plugins/com.st.stm32cube.ide.mcu.externaltools.gnu-tools-for-stm32.10.3-2021.10.win32_1.0.0.202111181127/tools/bin/../lib/gcc/arm-none-eabi/10.3.1/../../../../arm-none-eabi/lib/thumb/v7e-m+fp/hard\libc_nano.a(lib_a-memcpy-stub.o)
                0x000000000800517c                memcpy
 .text.memmove  0x0000000008005198       0x34 c:/st/stm32cubeide_1.9.0/stm32cubeide/plugins/com.st.stm32cube.ide.mcu.externaltools.gnu-tools-for-stm32.10.3-2021.10.win32_1.0.0.202111181127/tools/bin/../lib/gcc/arm-none-eabi/10.3.1/../../../../arm-none-eabi/lib/thumb/v7e-m+fp/hard\libc_nano.a(lib_a-memmove.o)
                0x0000000008005198                memmove
 .text._free_r  0x00000000080051cc       0x98 c:/st/stm32cubeide_1.9.0/stm32cubeide/plugins/com.st.stm32cube.ide.mcu.externaltools.gnu-tools-for-stm32.10.3-2021.10.win32_1.0.0.202111181127/tools/bin/../lib/gcc/arm-none-eabi/10.3.1/../../../../arm-none-eabi/lib/thumb/v7e-m+fp/hard\libc_nano.a(lib_a-nano-freer.o)
                0x00000000080051cc                _free_r
 .text.sbrk_aligned
                0x0000000008005264       0x40 c:/st/stm32cubeide_1.9.0/stm32cubeide/plugins/com.st.stm32cube.ide.mcu.externaltools.gnu-tools-for-stm32.10.3-2021.10.win32_1.0.0.202111181127/tools/bin/../lib/gcc/arm-none-eabi/10.3.1/../../../../arm-none-eabi/lib/thumb/v7e-m+fp/hard\libc_nano.a(lib_a-nano-mallocr.o)
 .text._malloc_r
                0x00000000080052a4       0xe8 c:/st/stm32cubeide_1.9.0/stm32cubeide/plugins/com.st.stm32cube.ide.mcu.externaltools.gnu-tools-for-stm32.10.3-2021.10.win32_1.0.0.202111181127/tools/bin/../lib/gcc/arm-none-eabi/10.3.1/../../../../arm-none-eabi/lib/thumb/v7e-m+fp/hard\libc_nano.a(lib_a-nano-mallocr.o)
                0x00000000080052a4                _malloc_r
 .text._realloc_r
                0x000000000800538c       0x5e c:/st/stm32cubeide_1.9.0/stm32cubeide/plugins/com.st.stm32cube.ide.mcu.externaltools.gnu-tools-for-stm32.10.3-2021.10.win32_1.0.0.202111181127/tools/bin/../lib/gcc/arm-none-eabi/10.3.1/../../../../arm-none-eabi/lib/thumb/v7e-m+fp/hard\libc_nano.a(lib_a-nano-reallocr.o)
                0x000000000800538c                _realloc_r
 *fill*         0x00000000080053ea        0x2 
 .text._sbrk_r  0x00000000080053ec       0x20 c:/st/stm32cubeide_1.9.0/stm32cubeide/plugins/com.st.stm32cube.ide.mcu.externaltools.gnu-tools-for-stm32.10.3-2021.10.win32_1.0.0.202111181127/tools/bin/../lib/gcc/arm-none-eabi/10.3.1/../../../../arm-none-eabi/lib/thumb/v7e-m+fp/hard\libc_nano.a(lib_a-sbrkr.o)
                0x00000000080053ec                _sbrk_r
 .text.__malloc_lock
                0x000000000800540c        0xc c:/st/stm32cubeide_1.9.0/stm32cubeide/plugins/com.st.stm32cube.ide.mcu.externaltools.gnu-tools-for-stm32.10.3-2021.10.win32_1.0.0.202111181127/tools/bin/../lib/gcc/arm-none-eabi/10.3.1/../../../../arm-none-eabi/lib/thumb/v7e-m+fp/hard\libc_nano.a(lib_a-mlock.o)
                0x000000000800540c                __malloc_lock
 .text.__malloc_unlock
                0x0000000008005418        0xc c:/st/stm32cubeide_1.9.0/stm32cubeide/plugins/com.st.stm32cube.ide.mcu.externaltools.gnu-tools-for-stm32.10.3-2021.10.win32_1.0.0.202111181127/tools/bin/../lib/gcc/arm-none-eabi/10.3.1/../../../../arm-none-eabi/lib/thumb/v7e-m+fp/hard\libc_nano.a(lib_a-mlock.o)
                0x0000000008005418                __malloc_unlock
 .text._malloc_usable_size_r
                0x0000000008005424       0x10 c:/st/stm32cubeide_1.9.0/stm32cubeide/plugins/com.st.stm32cube.ide.mcu.externaltools.gnu-tools-for-stm32.10.3-2021.10.win32_1.0.0.202111181127/tools/bin/../lib/gcc/arm-none-eabi/10.3.1/../../../../arm-none-eabi/lib/thumb/v7e-m+fp/hard\libc_nano.a(lib_a-nano-msizer.o)
                0x0000000008005424                _malloc_usable_size_r
 .text.__retarget_lock_acquire_recursive
                0x0000000008005434        0x2 c:/st/stm32cubeide_1.9.0/stm32cubeide/plugins/com.st.stm32cube.ide.mcu.externaltools.gnu-tools-for-stm32.10.3-2021.10.win32_1.0.0.202111181127/tools/bin/../lib/gcc/arm-none-eabi/10.3.1/../../../../arm-none-eabi/lib/thumb/v7e-m+fp/hard\libc_nano.a(lib_a-lock.o)
                0x0000000008005434                __retarget_lock_acquire_recursive
 .text.__retarget_lock_release_recursive
                0x0000000008005436        0x2 c:/st/stm32cubeide_1.9.0/stm32cubeide/plugins/com.st.stm32cube.ide.mcu.externaltools.gnu-tools-for-stm32.10.3-2021.10.win32_1.0.0.202111181127/tools/bin/../lib/gcc/arm-none-eabi/10.3.1/../../../../arm-none-eabi/lib/thumb/v7e-m+fp/hard\libc_nano.a(lib_a-lock.o)
                0x0000000008005436                __retarget_lock_release_recursive
 *(.glue_7)
 .glue_7        0x0000000008005438        0x0 linker stubs
 *(.glue_7t)
 .glue_7t       0x0000000008005438        0x0 linker stubs
 *(.eh_frame)
 .eh_frame      0x0000000008005438        0x0 c:/st/stm32cubeide_1.9.0/stm32cubeide/plugins/com.st.stm32cube.ide.mcu.externaltools.gnu-tools-for-stm32.10.3-2021.10.win32_1.0.0.202111181127/tools/bin/../lib/gcc/arm-none-eabi/10.3.1/thumb/v7e-m+fp/hard/crtbegin.o
 *(.init)
 .init          0x0000000008005438        0x4 c:/st/stm32cubeide_1.9.0/stm32cubeide/plugins/com.st.stm32cube.ide.mcu.externaltools.gnu-tools-for-stm32.10.3-2021.10.win32_1.0.0.202111181127/tools/bin/../lib/gcc/arm-none-eabi/10.3.1/thumb/v7e-m+fp/hard/crti.o
                0x0000000008005438                _init
 .init          0x000000000800543c        0x8 c:/st/stm32cubeide_1.9.0/stm32cubeide/plugins/com.st.stm32cube.ide.mcu.externaltools.gnu-tools-for-stm32.10.3-2021.10.win32_1.0.0.202111181127/tools/bin/../lib/gcc/arm-none-eabi/10.3.1/thumb/v7e-m+fp/hard/crtn.o
 *(.fini)
 .fini          0x0000000008005444        0x4 c:/st/stm32cubeide_1.9.0/stm32cubeide/plugins/com.st.stm32cube.ide.mcu.externaltools.gnu-tools-for-stm32.10.3-2021.10.win32_1.0.0.202111181127/tools/bin/../lib/gcc/arm-none-eabi/10.3.1/thumb/v7e-m+fp/hard/crti.o
                0x0000000008005444                _fini
 .fini          0x0000000008005448        0x8 c:/st/stm32cubeide_1.9.0/stm32cubeide/plugins/com.st.stm32cube.ide.mcu.externaltools.gnu-tools-for-stm32.10.3-2021.10.win32_1.0.0.202111181127/tools/bin/../lib/gcc/arm-none-eabi/10.3.1/thumb/v7e-m+fp/hard/crtn.o
                0x0000000008005450                . = ALIGN (0x4)
                0x0000000008005450                _etext = .

.vfp11_veneer   0x0000000008005450        0x0
 .vfp11_veneer  0x0000000008005450        0x0 linker stubs

.v4_bx          0x0000000008005450        0x0
 .v4_bx         0x0000000008005450        0x0 linker stubs

.iplt           0x0000000008005450        0x0
 .iplt          0x0000000008005450        0x0 c:/st/stm32cubeide_1.9.0/stm32cubeide/plugins/com.st.stm32cube.ide.mcu.externaltools.gnu-tools-for-stm32.10.3-2021.10.win32_1.0.0.202111181127/tools/bin/../lib/gcc/arm-none-eabi/10.3.1/thumb/v7e-m+fp/hard/crtbegin.o

.rodata         0x0000000008005450       0x8c
                0x0000000008005450                . = ALIGN (0x4)
 *(.rodata)
 .rodata        0x0000000008005450       0x3f ./Core/Src/main.o
 *(.rodata*)
 *fill*         0x000000000800548f        0x1 
 .rodata.AHBPrescTable
                0x0000000008005490       0x10 ./Core/Src/system_stm32f4xx.o
                0x0000000008005490                AHBPrescTable
 .rodata.APBPrescTable
                0x00000000080054a0        0x8 ./Core/Src/system_stm32f4xx.o
                0x00000000080054a0                APBPrescTable
 .rodata._svfprintf_r.str1.1
                0x00000000080054a8       0x11 c:/st/stm32cubeide_1.9.0/stm32cubeide/plugins/com.st.stm32cube.ide.mcu.externaltools.gnu-tools-for-stm32.10.3-2021.10.win32_1.0.0.202111181127/tools/bin/../lib/gcc/arm-none-eabi/10.3.1/../../../../arm-none-eabi/lib/thumb/v7e-m+fp/hard\libc_nano.a(lib_a-nano-svfprintf.o)
 .rodata._printf_i.str1.1
                0x00000000080054b9       0x22 c:/st/stm32cubeide_1.9.0/stm32cubeide/plugins/com.st.stm32cube.ide.mcu.externaltools.gnu-tools-for-stm32.10.3-2021.10.win32_1.0.0.202111181127/tools/bin/../lib/gcc/arm-none-eabi/10.3.1/../../../../arm-none-eabi/lib/thumb/v7e-m+fp/hard\libc_nano.a(lib_a-nano-vfprintf_i.o)
                0x00000000080054dc                . = ALIGN (0x4)
 *fill*         0x00000000080054db        0x1 

.ARM.extab      0x00000000080054dc        0x0
                0x00000000080054dc                . = ALIGN (0x4)
 *(.ARM.extab* .gnu.linkonce.armextab.*)
                0x00000000080054dc                . = ALIGN (0x4)

.ARM            0x00000000080054dc        0x8
                0x00000000080054dc                . = ALIGN (0x4)
                0x00000000080054dc                __exidx_start = .
 *(.ARM.exidx*)
 .ARM.exidx     0x00000000080054dc        0x8 c:/st/stm32cubeide_1.9.0/stm32cubeide/plugins/com.st.stm32cube.ide.mcu.externaltools.gnu-tools-for-stm32.10.3-2021.10.win32_1.0.0.202111181127/tools/bin/../lib/gcc/arm-none-eabi/10.3.1/thumb/v7e-m+fp/hard\libgcc.a(_udivmoddi4.o)
                0x00000000080054e4                __exidx_end = .
                0x00000000080054e4                . = ALIGN (0x4)

.rel.dyn        0x00000000080054e4        0x0
 .rel.iplt      0x00000000080054e4        0x0 c:/st/stm32cubeide_1.9.0/stm32cubeide/plugins/com.st.stm32cube.ide.mcu.externaltools.gnu-tools-for-stm32.10.3-2021.10.win32_1.0.0.202111181127/tools/bin/../lib/gcc/arm-none-eabi/10.3.1/thumb/v7e-m+fp/hard/crtbegin.o

.preinit_array  0x00000000080054e4        0x0
                0x00000000080054e4                . = ALIGN (0x4)
                0x00000000080054e4                PROVIDE (__preinit_array_start = .)
 *(.preinit_array*)
                0x00000000080054e4                PROVIDE (__preinit_array_end = .)
                0x00000000080054e4                . = ALIGN (0x4)

.init_array     0x00000000080054e4        0x4
                0x00000000080054e4                . = ALIGN (0x4)
                0x00000000080054e4                PROVIDE (__init_array_start = .)
 *(SORT_BY_NAME(.init_array.*))
 *(.init_array*)
 .init_array    0x00000000080054e4        0x4 c:/st/stm32cubeide_1.9.0/stm32cubeide/plugins/com.st.stm32cube.ide.mcu.externaltools.gnu-tools-for-stm32.10.3-2021.10.win32_1.0.0.202111181127/tools/bin/../lib/gcc/arm-none-eabi/10.3.1/thumb/v7e-m+fp/hard/crtbegin.o
                0x00000000080054e8                PROVIDE (__init_array_end = .)
                0x00000000080054e8                . = ALIGN (0x4)

.fini_array     0x00000000080054e8        0x4
                0x00000000080054e8                . = ALIGN (0x4)
                [!provide]                        PROVIDE (__fini_array_start = .)
 *(SORT_BY_NAME(.fini_array.*))
 *(.fini_array*)
 .fini_array    0x00000000080054e8        0x4 c:/st/stm32cubeide_1.9.0/stm32cubeide/plugins/com.st.stm32cube.ide.mcu.externaltools.gnu-tools-for-stm32.10.3-2021.10.win32_1.0.0.202111181127/tools/bin/../lib/gcc/arm-none-eabi/10.3.1/thumb/v7e-m+fp/hard/crtbegin.o
                [!provide]                        PROVIDE (__fini_array_end = .)
                0x00000000080054ec                . = ALIGN (0x4)
                0x00000000080054ec                _sidata = LOADADDR (.data)

.data           0x0000000020000000       0x90 load address 0x00000000080054ec
                0x0000000020000000                . = ALIGN (0x4)
                0x0000000020000000                _sdata = .
 *(.data)
 *(.data*)
 .data.mag_bus  0x0000000020000000       0x10 ./Core/Src/main.o
 .data.imu_bus  0x0000000020000010       0x10 ./Core/Src/main.o
 .data.SystemCoreClock
                0x0000000020000020        0x4 ./Core/Src/system_stm32f4xx.o
                0x0000000020000020                SystemCoreClock
 .data.uwTickPrio
                0x0000000020000024        0x4 ./Drivers/STM32F4xx_HAL_Driver/Src/stm32f4xx_hal.o
                0x0000000020000024                uwTickPrio
 .data.uwTickFreq
                0x0000000020000028        0x1 ./Drivers/STM32F4xx_HAL_Driver/Src/stm32f4xx_hal.o
                0x0000000020000028                uwTickFreq
 *fill*         0x0000000020000029        0x3 
 .data._impure_ptr
                0x000000002000002c        0x4 c:/st/stm32cubeide_1.9.0/stm32cubeide/plugins/com.st.stm32cube.ide.mcu.externaltools.gnu-tools-for-stm32.10.3-2021.10.win32_1.0.0.202111181127/tools/bin/../lib/gcc/arm-none-eabi/10.3.1/../../../../arm-none-eabi/lib/thumb/v7e-m+fp/hard\libc_nano.a(lib_a-impure.o)
                0x000000002000002c                _impure_ptr
 .data.impure_data
                0x0000000020000030       0x60 c:/st/stm32cubeide_1.9.0/stm32cubeide/plugins/com.st.stm32cube.ide.mcu.externaltools.gnu-tools-for-stm32.10.3-2021.10.win32_1.0.0.202111181127/tools/bin/../lib/gcc/arm-none-eabi/10.3.1/../../../../arm-none-eabi/lib/thumb/v7e-m+fp/hard\libc_nano.a(lib_a-impure.o)
 *(.RamFunc)
 *(.RamFunc*)
                0x0000000020000090                . = ALIGN (0x4)
                0x0000000020000090                _edata = .
                0x000000000800557c                _siccmram = LOADADDR (.ccmram)

.igot.plt       0x0000000020000090        0x0 load address 0x000000000800557c
 .igot.plt      0x0000000020000090        0x0 c:/st/stm32cubeide_1.9.0/stm32cubeide/plugins/com.st.stm32cube.ide.mcu.externaltools.gnu-tools-for-stm32.10.3-2021.10.win32_1.0.0.202111181127/tools/bin/../lib/gcc/arm-none-eabi/10.3.1/thumb/v7e-m+fp/hard/crtbegin.o

.ccmram         0x0000000010000000        0x0 load address 0x000000000800557c
                0x0000000010000000                . = ALIGN (0x4)
                0x0000000010000000                _sccmram = .
 *(.ccmram)
 *(.ccmram*)
                0x0000000010000000                . = ALIGN (0x4)
                0x0000000010000000                _eccmram = .
                0x0000000010000000                . = ALIGN (0x4)

.bss            0x0000000020000090      0x500
                0x0000000020000090                _sbss = .
                0x0000000020000090                __bss_start__ = _sbss
 *(.bss)
 .bss           0x0000000020000090       0x1c c:/st/stm32cubeide_1.9.0/stm32cubeide/plugins/com.st.stm32cube.ide.mcu.externaltools.gnu-tools-for-stm32.10.3-2021.10.win32_1.0.0.202111181127/tools/bin/../lib/gcc/arm-none-eabi/10.3.1/thumb/v7e-m+fp/hard/crtbegin.o
 *(.bss*)
 .bss.hi2c1     0x00000000200000ac       0x54 ./Core/Src/main.o
                0x00000000200000ac                hi2c1
 .bss.huart6    0x0000000020000100       0x44 ./Core/Src/main.o
                0x0000000020000100                huart6
 .bss.server_message_received
                0x0000000020000144        0x4 ./Core/Src/main.o
                0x0000000020000144                server_message_received
 .bss.data_raw_acceleration
                0x0000000020000148        0x6 ./Core/Src/main.o
 *fill*         0x000000002000014e        0x2 
 .bss.data_raw_angular_rate
                0x0000000020000150        0x6 ./Core/Src/main.o
 *fill*         0x0000000020000156        0x2 
 .bss.acceleration_mg
                0x0000000020000158        0xc ./Core/Src/main.o
 .bss.angular_rate_mdps
                0x0000000020000164        0xc ./Core/Src/main.o
 .bss.whoamI    0x0000000020000170        0x2 ./Core/Src/main.o
 *fill*         0x0000000020000172        0x2 
 .bss.reg       0x0000000020000174        0x2 ./Core/Src/main.o
 *fill*         0x0000000020000176        0x2 
 .bss.tx_buffer
                0x0000000020000178      0x3e8 ./Core/Src/main.o
 .bss.dev_ctx_imu
                0x0000000020000560        0xc ./Core/Src/main.o
                0x0000000020000560                dev_ctx_imu
 .bss.dev_ctx_mag
                0x000000002000056c        0xc ./Core/Src/main.o
                0x000000002000056c                dev_ctx_mag
 .bss.__sbrk_heap_end
                0x0000000020000578        0x4 ./Core/Src/sysmem.o
 .bss.uwTick    0x000000002000057c        0x4 ./Drivers/STM32F4xx_HAL_Driver/Src/stm32f4xx_hal.o
                0x000000002000057c                uwTick
 .bss.__malloc_free_list
                0x0000000020000580        0x4 c:/st/stm32cubeide_1.9.0/stm32cubeide/plugins/com.st.stm32cube.ide.mcu.externaltools.gnu-tools-for-stm32.10.3-2021.10.win32_1.0.0.202111181127/tools/bin/../lib/gcc/arm-none-eabi/10.3.1/../../../../arm-none-eabi/lib/thumb/v7e-m+fp/hard\libc_nano.a(lib_a-nano-mallocr.o)
                0x0000000020000580                __malloc_free_list
 .bss.__malloc_sbrk_start
                0x0000000020000584        0x4 c:/st/stm32cubeide_1.9.0/stm32cubeide/plugins/com.st.stm32cube.ide.mcu.externaltools.gnu-tools-for-stm32.10.3-2021.10.win32_1.0.0.202111181127/tools/bin/../lib/gcc/arm-none-eabi/10.3.1/../../../../arm-none-eabi/lib/thumb/v7e-m+fp/hard\libc_nano.a(lib_a-nano-mallocr.o)
                0x0000000020000584                __malloc_sbrk_start
 .bss.errno     0x0000000020000588        0x4 c:/st/stm32cubeide_1.9.0/stm32cubeide/plugins/com.st.stm32cube.ide.mcu.externaltools.gnu-tools-for-stm32.10.3-2021.10.win32_1.0.0.202111181127/tools/bin/../lib/gcc/arm-none-eabi/10.3.1/../../../../arm-none-eabi/lib/thumb/v7e-m+fp/hard\libc_nano.a(lib_a-reent.o)
                0x0000000020000588                errno
 .bss.__lock___malloc_recursive_mutex
                0x000000002000058c        0x1 c:/st/stm32cubeide_1.9.0/stm32cubeide/plugins/com.st.stm32cube.ide.mcu.externaltools.gnu-tools-for-stm32.10.3-2021.10.win32_1.0.0.202111181127/tools/bin/../lib/gcc/arm-none-eabi/10.3.1/../../../../arm-none-eabi/lib/thumb/v7e-m+fp/hard\libc_nano.a(lib_a-lock.o)
                0x000000002000058c                __lock___malloc_recursive_mutex
 *(COMMON)
                0x0000000020000590                . = ALIGN (0x4)
 *fill*         0x000000002000058d        0x3 
                0x0000000020000590                _ebss = .
                0x0000000020000590                __bss_end__ = _ebss

._user_heap_stack
                0x0000000020000590      0x600
                0x0000000020000590                . = ALIGN (0x8)
                [!provide]                        PROVIDE (end = .)
                0x0000000020000590                PROVIDE (_end = .)
                0x0000000020000790                . = (. + _Min_Heap_Size)
 *fill*         0x0000000020000590      0x200 
                0x0000000020000b90                . = (. + _Min_Stack_Size)
 *fill*         0x0000000020000790      0x400 
                0x0000000020000b90                . = ALIGN (0x8)

/DISCARD/
 libc.a(*)
 libm.a(*)
 libgcc.a(*)

.ARM.attributes
                0x0000000000000000       0x30
 *(.ARM.attributes)
 .ARM.attributes
                0x0000000000000000       0x1e c:/st/stm32cubeide_1.9.0/stm32cubeide/plugins/com.st.stm32cube.ide.mcu.externaltools.gnu-tools-for-stm32.10.3-2021.10.win32_1.0.0.202111181127/tools/bin/../lib/gcc/arm-none-eabi/10.3.1/thumb/v7e-m+fp/hard/crti.o
 .ARM.attributes
                0x000000000000001e       0x34 c:/st/stm32cubeide_1.9.0/stm32cubeide/plugins/com.st.stm32cube.ide.mcu.externaltools.gnu-tools-for-stm32.10.3-2021.10.win32_1.0.0.202111181127/tools/bin/../lib/gcc/arm-none-eabi/10.3.1/thumb/v7e-m+fp/hard/crtbegin.o
 .ARM.attributes
                0x0000000000000052       0x34 ./Core/Src/main.o
 .ARM.attributes
                0x0000000000000086       0x34 ./Core/Src/stm32f4xx_hal_msp.o
 .ARM.attributes
                0x00000000000000ba       0x34 ./Core/Src/stm32f4xx_it.o
 .ARM.attributes
                0x00000000000000ee       0x34 ./Core/Src/sysmem.o
 .ARM.attributes
                0x0000000000000122       0x34 ./Core/Src/system_stm32f4xx.o
 .ARM.attributes
                0x0000000000000156       0x21 ./Core/Startup/startup_stm32f427vitx.o
 .ARM.attributes
                0x0000000000000177       0x34 ./Drivers/STM32F4xx_HAL_Driver/Src/stm32f4xx_hal.o
 .ARM.attributes
                0x00000000000001ab       0x34 ./Drivers/STM32F4xx_HAL_Driver/Src/stm32f4xx_hal_cortex.o
 .ARM.attributes
                0x00000000000001df       0x34 ./Drivers/STM32F4xx_HAL_Driver/Src/stm32f4xx_hal_dma.o
 .ARM.attributes
                0x0000000000000213       0x34 ./Drivers/STM32F4xx_HAL_Driver/Src/stm32f4xx_hal_gpio.o
 .ARM.attributes
                0x0000000000000247       0x34 ./Drivers/STM32F4xx_HAL_Driver/Src/stm32f4xx_hal_i2c.o
 .ARM.attributes
                0x000000000000027b       0x34 ./Drivers/STM32F4xx_HAL_Driver/Src/stm32f4xx_hal_i2c_ex.o
 .ARM.attributes
                0x00000000000002af       0x34 ./Drivers/STM32F4xx_HAL_Driver/Src/stm32f4xx_hal_rcc.o
 .ARM.attributes
                0x00000000000002e3       0x34 ./Drivers/STM32F4xx_HAL_Driver/Src/stm32f4xx_hal_uart.o
 .ARM.attributes
                0x0000000000000317       0x34 ./Drivers/lsm9ds1/lsm9ds1_reg.o
 .ARM.attributes
                0x000000000000034b       0x34 c:/st/stm32cubeide_1.9.0/stm32cubeide/plugins/com.st.stm32cube.ide.mcu.externaltools.gnu-tools-for-stm32.10.3-2021.10.win32_1.0.0.202111181127/tools/bin/../lib/gcc/arm-none-eabi/10.3.1/../../../../arm-none-eabi/lib/thumb/v7e-m+fp/hard\libc_nano.a(lib_a-errno.o)
 .ARM.attributes
                0x000000000000037f       0x34 c:/st/stm32cubeide_1.9.0/stm32cubeide/plugins/com.st.stm32cube.ide.mcu.externaltools.gnu-tools-for-stm32.10.3-2021.10.win32_1.0.0.202111181127/tools/bin/../lib/gcc/arm-none-eabi/10.3.1/../../../../arm-none-eabi/lib/thumb/v7e-m+fp/hard\libc_nano.a(lib_a-impure.o)
 .ARM.attributes
                0x00000000000003b3       0x34 c:/st/stm32cubeide_1.9.0/stm32cubeide/plugins/com.st.stm32cube.ide.mcu.externaltools.gnu-tools-for-stm32.10.3-2021.10.win32_1.0.0.202111181127/tools/bin/../lib/gcc/arm-none-eabi/10.3.1/../../../../arm-none-eabi/lib/thumb/v7e-m+fp/hard\libc_nano.a(lib_a-init.o)
 .ARM.attributes
                0x00000000000003e7       0x34 c:/st/stm32cubeide_1.9.0/stm32cubeide/plugins/com.st.stm32cube.ide.mcu.externaltools.gnu-tools-for-stm32.10.3-2021.10.win32_1.0.0.202111181127/tools/bin/../lib/gcc/arm-none-eabi/10.3.1/../../../../arm-none-eabi/lib/thumb/v7e-m+fp/hard\libc_nano.a(lib_a-memset.o)
 .ARM.attributes
                0x000000000000041b       0x34 c:/st/stm32cubeide_1.9.0/stm32cubeide/plugins/com.st.stm32cube.ide.mcu.externaltools.gnu-tools-for-stm32.10.3-2021.10.win32_1.0.0.202111181127/tools/bin/../lib/gcc/arm-none-eabi/10.3.1/../../../../arm-none-eabi/lib/thumb/v7e-m+fp/hard\libc_nano.a(lib_a-sprintf.o)
 .ARM.attributes
                0x000000000000044f       0x17 c:/st/stm32cubeide_1.9.0/stm32cubeide/plugins/com.st.stm32cube.ide.mcu.externaltools.gnu-tools-for-stm32.10.3-2021.10.win32_1.0.0.202111181127/tools/bin/../lib/gcc/arm-none-eabi/10.3.1/../../../../arm-none-eabi/lib/thumb/v7e-m+fp/hard\libc_nano.a(lib_a-strlen.o)
 .ARM.attributes
                0x0000000000000466       0x34 c:/st/stm32cubeide_1.9.0/stm32cubeide/plugins/com.st.stm32cube.ide.mcu.externaltools.gnu-tools-for-stm32.10.3-2021.10.win32_1.0.0.202111181127/tools/bin/../lib/gcc/arm-none-eabi/10.3.1/../../../../arm-none-eabi/lib/thumb/v7e-m+fp/hard\libc_nano.a(lib_a-nano-svfprintf.o)
 .ARM.attributes
                0x000000000000049a       0x34 c:/st/stm32cubeide_1.9.0/stm32cubeide/plugins/com.st.stm32cube.ide.mcu.externaltools.gnu-tools-for-stm32.10.3-2021.10.win32_1.0.0.202111181127/tools/bin/../lib/gcc/arm-none-eabi/10.3.1/../../../../arm-none-eabi/lib/thumb/v7e-m+fp/hard\libc_nano.a(lib_a-nano-vfprintf_i.o)
 .ARM.attributes
                0x00000000000004ce       0x1c c:/st/stm32cubeide_1.9.0/stm32cubeide/plugins/com.st.stm32cube.ide.mcu.externaltools.gnu-tools-for-stm32.10.3-2021.10.win32_1.0.0.202111181127/tools/bin/../lib/gcc/arm-none-eabi/10.3.1/../../../../arm-none-eabi/lib/thumb/v7e-m+fp/hard\libc_nano.a(lib_a-memchr.o)
 .ARM.attributes
                0x00000000000004ea       0x34 c:/st/stm32cubeide_1.9.0/stm32cubeide/plugins/com.st.stm32cube.ide.mcu.externaltools.gnu-tools-for-stm32.10.3-2021.10.win32_1.0.0.202111181127/tools/bin/../lib/gcc/arm-none-eabi/10.3.1/../../../../arm-none-eabi/lib/thumb/v7e-m+fp/hard\libc_nano.a(lib_a-memcpy-stub.o)
 .ARM.attributes
                0x000000000000051e       0x34 c:/st/stm32cubeide_1.9.0/stm32cubeide/plugins/com.st.stm32cube.ide.mcu.externaltools.gnu-tools-for-stm32.10.3-2021.10.win32_1.0.0.202111181127/tools/bin/../lib/gcc/arm-none-eabi/10.3.1/../../../../arm-none-eabi/lib/thumb/v7e-m+fp/hard\libc_nano.a(lib_a-memmove.o)
 .ARM.attributes
                0x0000000000000552       0x34 c:/st/stm32cubeide_1.9.0/stm32cubeide/plugins/com.st.stm32cube.ide.mcu.externaltools.gnu-tools-for-stm32.10.3-2021.10.win32_1.0.0.202111181127/tools/bin/../lib/gcc/arm-none-eabi/10.3.1/../../../../arm-none-eabi/lib/thumb/v7e-m+fp/hard\libc_nano.a(lib_a-nano-freer.o)
 .ARM.attributes
                0x0000000000000586       0x34 c:/st/stm32cubeide_1.9.0/stm32cubeide/plugins/com.st.stm32cube.ide.mcu.externaltools.gnu-tools-for-stm32.10.3-2021.10.win32_1.0.0.202111181127/tools/bin/../lib/gcc/arm-none-eabi/10.3.1/../../../../arm-none-eabi/lib/thumb/v7e-m+fp/hard\libc_nano.a(lib_a-nano-mallocr.o)
 .ARM.attributes
                0x00000000000005ba       0x34 c:/st/stm32cubeide_1.9.0/stm32cubeide/plugins/com.st.stm32cube.ide.mcu.externaltools.gnu-tools-for-stm32.10.3-2021.10.win32_1.0.0.202111181127/tools/bin/../lib/gcc/arm-none-eabi/10.3.1/../../../../arm-none-eabi/lib/thumb/v7e-m+fp/hard\libc_nano.a(lib_a-nano-reallocr.o)
 .ARM.attributes
                0x00000000000005ee       0x34 c:/st/stm32cubeide_1.9.0/stm32cubeide/plugins/com.st.stm32cube.ide.mcu.externaltools.gnu-tools-for-stm32.10.3-2021.10.win32_1.0.0.202111181127/tools/bin/../lib/gcc/arm-none-eabi/10.3.1/../../../../arm-none-eabi/lib/thumb/v7e-m+fp/hard\libc_nano.a(lib_a-sbrkr.o)
 .ARM.attributes
                0x0000000000000622       0x34 c:/st/stm32cubeide_1.9.0/stm32cubeide/plugins/com.st.stm32cube.ide.mcu.externaltools.gnu-tools-for-stm32.10.3-2021.10.win32_1.0.0.202111181127/tools/bin/../lib/gcc/arm-none-eabi/10.3.1/../../../../arm-none-eabi/lib/thumb/v7e-m+fp/hard\libc_nano.a(lib_a-mlock.o)
 .ARM.attributes
                0x0000000000000656       0x34 c:/st/stm32cubeide_1.9.0/stm32cubeide/plugins/com.st.stm32cube.ide.mcu.externaltools.gnu-tools-for-stm32.10.3-2021.10.win32_1.0.0.202111181127/tools/bin/../lib/gcc/arm-none-eabi/10.3.1/../../../../arm-none-eabi/lib/thumb/v7e-m+fp/hard\libc_nano.a(lib_a-nano-msizer.o)
 .ARM.attributes
                0x000000000000068a       0x34 c:/st/stm32cubeide_1.9.0/stm32cubeide/plugins/com.st.stm32cube.ide.mcu.externaltools.gnu-tools-for-stm32.10.3-2021.10.win32_1.0.0.202111181127/tools/bin/../lib/gcc/arm-none-eabi/10.3.1/../../../../arm-none-eabi/lib/thumb/v7e-m+fp/hard\libc_nano.a(lib_a-reent.o)
 .ARM.attributes
                0x00000000000006be       0x34 c:/st/stm32cubeide_1.9.0/stm32cubeide/plugins/com.st.stm32cube.ide.mcu.externaltools.gnu-tools-for-stm32.10.3-2021.10.win32_1.0.0.202111181127/tools/bin/../lib/gcc/arm-none-eabi/10.3.1/../../../../arm-none-eabi/lib/thumb/v7e-m+fp/hard\libc_nano.a(lib_a-lock.o)
 .ARM.attributes
                0x00000000000006f2       0x1e c:/st/stm32cubeide_1.9.0/stm32cubeide/plugins/com.st.stm32cube.ide.mcu.externaltools.gnu-tools-for-stm32.10.3-2021.10.win32_1.0.0.202111181127/tools/bin/../lib/gcc/arm-none-eabi/10.3.1/thumb/v7e-m+fp/hard\libgcc.a(_arm_addsubdf3.o)
 .ARM.attributes
                0x0000000000000710       0x1e c:/st/stm32cubeide_1.9.0/stm32cubeide/plugins/com.st.stm32cube.ide.mcu.externaltools.gnu-tools-for-stm32.10.3-2021.10.win32_1.0.0.202111181127/tools/bin/../lib/gcc/arm-none-eabi/10.3.1/thumb/v7e-m+fp/hard\libgcc.a(_aeabi_uldivmod.o)
 .ARM.attributes
                0x000000000000072e       0x34 c:/st/stm32cubeide_1.9.0/stm32cubeide/plugins/com.st.stm32cube.ide.mcu.externaltools.gnu-tools-for-stm32.10.3-2021.10.win32_1.0.0.202111181127/tools/bin/../lib/gcc/arm-none-eabi/10.3.1/thumb/v7e-m+fp/hard\libgcc.a(_udivmoddi4.o)
 .ARM.attributes
                0x0000000000000762       0x1e c:/st/stm32cubeide_1.9.0/stm32cubeide/plugins/com.st.stm32cube.ide.mcu.externaltools.gnu-tools-for-stm32.10.3-2021.10.win32_1.0.0.202111181127/tools/bin/../lib/gcc/arm-none-eabi/10.3.1/thumb/v7e-m+fp/hard\libgcc.a(_dvmd_tls.o)
 .ARM.attributes
                0x0000000000000780       0x1e c:/st/stm32cubeide_1.9.0/stm32cubeide/plugins/com.st.stm32cube.ide.mcu.externaltools.gnu-tools-for-stm32.10.3-2021.10.win32_1.0.0.202111181127/tools/bin/../lib/gcc/arm-none-eabi/10.3.1/thumb/v7e-m+fp/hard/crtn.o
OUTPUT(noizalyzer_mock.elf elf32-littlearm)
LOAD linker stubs
LOAD c:/st/stm32cubeide_1.9.0/stm32cubeide/plugins/com.st.stm32cube.ide.mcu.externaltools.gnu-tools-for-stm32.10.3-2021.10.win32_1.0.0.202111181127/tools/bin/../lib/gcc/arm-none-eabi/10.3.1/../../../../arm-none-eabi/lib/thumb/v7e-m+fp/hard\libc.a
LOAD c:/st/stm32cubeide_1.9.0/stm32cubeide/plugins/com.st.stm32cube.ide.mcu.externaltools.gnu-tools-for-stm32.10.3-2021.10.win32_1.0.0.202111181127/tools/bin/../lib/gcc/arm-none-eabi/10.3.1/../../../../arm-none-eabi/lib/thumb/v7e-m+fp/hard\libm.a
LOAD c:/st/stm32cubeide_1.9.0/stm32cubeide/plugins/com.st.stm32cube.ide.mcu.externaltools.gnu-tools-for-stm32.10.3-2021.10.win32_1.0.0.202111181127/tools/bin/../lib/gcc/arm-none-eabi/10.3.1/thumb/v7e-m+fp/hard\libgcc.a

.debug_info     0x0000000000000000    0x11f3d
 .debug_info    0x0000000000000000     0x1bf6 ./Core/Src/main.o
 .debug_info    0x0000000000001bf6      0xf65 ./Core/Src/stm32f4xx_hal_msp.o
 .debug_info    0x0000000000002b5b      0x65a ./Core/Src/stm32f4xx_it.o
 .debug_info    0x00000000000031b5      0x171 ./Core/Src/sysmem.o
 .debug_info    0x0000000000003326      0x53f ./Core/Src/system_stm32f4xx.o
 .debug_info    0x0000000000003865       0x22 ./Core/Startup/startup_stm32f427vitx.o
 .debug_info    0x0000000000003887      0x9e8 ./Drivers/STM32F4xx_HAL_Driver/Src/stm32f4xx_hal.o
 .debug_info    0x000000000000426f      0xe45 ./Drivers/STM32F4xx_HAL_Driver/Src/stm32f4xx_hal_cortex.o
 .debug_info    0x00000000000050b4      0x94f ./Drivers/STM32F4xx_HAL_Driver/Src/stm32f4xx_hal_dma.o
 .debug_info    0x0000000000005a03      0x786 ./Drivers/STM32F4xx_HAL_Driver/Src/stm32f4xx_hal_gpio.o
 .debug_info    0x0000000000006189     0x2617 ./Drivers/STM32F4xx_HAL_Driver/Src/stm32f4xx_hal_i2c.o
 .debug_info    0x00000000000087a0      0x6b6 ./Drivers/STM32F4xx_HAL_Driver/Src/stm32f4xx_hal_i2c_ex.o
 .debug_info    0x0000000000008e56      0x982 ./Drivers/STM32F4xx_HAL_Driver/Src/stm32f4xx_hal_rcc.o
 .debug_info    0x00000000000097d8     0x319b ./Drivers/STM32F4xx_HAL_Driver/Src/stm32f4xx_hal_uart.o
 .debug_info    0x000000000000c973     0x55ca ./Drivers/lsm9ds1/lsm9ds1_reg.o

.debug_abbrev   0x0000000000000000     0x1db7
 .debug_abbrev  0x0000000000000000      0x3ba ./Core/Src/main.o
 .debug_abbrev  0x00000000000003ba      0x1b2 ./Core/Src/stm32f4xx_hal_msp.o
 .debug_abbrev  0x000000000000056c      0x15f ./Core/Src/stm32f4xx_it.o
 .debug_abbrev  0x00000000000006cb       0xbb ./Core/Src/sysmem.o
 .debug_abbrev  0x0000000000000786      0x116 ./Core/Src/system_stm32f4xx.o
 .debug_abbrev  0x000000000000089c       0x12 ./Core/Startup/startup_stm32f427vitx.o
 .debug_abbrev  0x00000000000008ae      0x20d ./Drivers/STM32F4xx_HAL_Driver/Src/stm32f4xx_hal.o
 .debug_abbrev  0x0000000000000abb      0x316 ./Drivers/STM32F4xx_HAL_Driver/Src/stm32f4xx_hal_cortex.o
 .debug_abbrev  0x0000000000000dd1      0x25b ./Drivers/STM32F4xx_HAL_Driver/Src/stm32f4xx_hal_dma.o
 .debug_abbrev  0x000000000000102c      0x1c4 ./Drivers/STM32F4xx_HAL_Driver/Src/stm32f4xx_hal_gpio.o
 .debug_abbrev  0x00000000000011f0      0x297 ./Drivers/STM32F4xx_HAL_Driver/Src/stm32f4xx_hal_i2c.o
 .debug_abbrev  0x0000000000001487      0x14c ./Drivers/STM32F4xx_HAL_Driver/Src/stm32f4xx_hal_i2c_ex.o
 .debug_abbrev  0x00000000000015d3      0x2aa ./Drivers/STM32F4xx_HAL_Driver/Src/stm32f4xx_hal_rcc.o
 .debug_abbrev  0x000000000000187d      0x2ed ./Drivers/STM32F4xx_HAL_Driver/Src/stm32f4xx_hal_uart.o
 .debug_abbrev  0x0000000000001b6a      0x24d ./Drivers/lsm9ds1/lsm9ds1_reg.o

.debug_aranges  0x0000000000000000      0xeb8
 .debug_aranges
                0x0000000000000000       0x90 ./Core/Src/main.o
 .debug_aranges
                0x0000000000000090       0x40 ./Core/Src/stm32f4xx_hal_msp.o
 .debug_aranges
                0x00000000000000d0       0x68 ./Core/Src/stm32f4xx_it.o
 .debug_aranges
                0x0000000000000138       0x20 ./Core/Src/sysmem.o
 .debug_aranges
                0x0000000000000158       0x28 ./Core/Src/system_stm32f4xx.o
 .debug_aranges
                0x0000000000000180       0x28 ./Core/Startup/startup_stm32f427vitx.o
 .debug_aranges
                0x00000000000001a8      0x100 ./Drivers/STM32F4xx_HAL_Driver/Src/stm32f4xx_hal.o
 .debug_aranges
                0x00000000000002a8      0x118 ./Drivers/STM32F4xx_HAL_Driver/Src/stm32f4xx_hal_cortex.o
 .debug_aranges
                0x00000000000003c0       0x90 ./Drivers/STM32F4xx_HAL_Driver/Src/stm32f4xx_hal_dma.o
 .debug_aranges
                0x0000000000000450       0x58 ./Drivers/STM32F4xx_HAL_Driver/Src/stm32f4xx_hal_gpio.o
 .debug_aranges
                0x00000000000004a8      0x2a0 ./Drivers/STM32F4xx_HAL_Driver/Src/stm32f4xx_hal_i2c.o
 .debug_aranges
                0x0000000000000748       0x28 ./Drivers/STM32F4xx_HAL_Driver/Src/stm32f4xx_hal_i2c_ex.o
 .debug_aranges
                0x0000000000000770       0x88 ./Drivers/STM32F4xx_HAL_Driver/Src/stm32f4xx_hal_rcc.o
 .debug_aranges
                0x00000000000007f8      0x200 ./Drivers/STM32F4xx_HAL_Driver/Src/stm32f4xx_hal_uart.o
 .debug_aranges
                0x00000000000009f8      0x4c0 ./Drivers/lsm9ds1/lsm9ds1_reg.o

.debug_ranges   0x0000000000000000      0xe28
 .debug_ranges  0x0000000000000000       0x80 ./Core/Src/main.o
 .debug_ranges  0x0000000000000080       0x30 ./Core/Src/stm32f4xx_hal_msp.o
 .debug_ranges  0x00000000000000b0       0x58 ./Core/Src/stm32f4xx_it.o
 .debug_ranges  0x0000000000000108       0x10 ./Core/Src/sysmem.o
 .debug_ranges  0x0000000000000118       0x18 ./Core/Src/system_stm32f4xx.o
 .debug_ranges  0x0000000000000130       0x20 ./Core/Startup/startup_stm32f427vitx.o
 .debug_ranges  0x0000000000000150       0xf0 ./Drivers/STM32F4xx_HAL_Driver/Src/stm32f4xx_hal.o
 .debug_ranges  0x0000000000000240      0x108 ./Drivers/STM32F4xx_HAL_Driver/Src/stm32f4xx_hal_cortex.o
 .debug_ranges  0x0000000000000348       0x80 ./Drivers/STM32F4xx_HAL_Driver/Src/stm32f4xx_hal_dma.o
 .debug_ranges  0x00000000000003c8       0x48 ./Drivers/STM32F4xx_HAL_Driver/Src/stm32f4xx_hal_gpio.o
 .debug_ranges  0x0000000000000410      0x2b8 ./Drivers/STM32F4xx_HAL_Driver/Src/stm32f4xx_hal_i2c.o
 .debug_ranges  0x00000000000006c8       0x18 ./Drivers/STM32F4xx_HAL_Driver/Src/stm32f4xx_hal_i2c_ex.o
 .debug_ranges  0x00000000000006e0       0x78 ./Drivers/STM32F4xx_HAL_Driver/Src/stm32f4xx_hal_rcc.o
 .debug_ranges  0x0000000000000758      0x220 ./Drivers/STM32F4xx_HAL_Driver/Src/stm32f4xx_hal_uart.o
 .debug_ranges  0x0000000000000978      0x4b0 ./Drivers/lsm9ds1/lsm9ds1_reg.o

.debug_macro    0x0000000000000000    0x22b21
 .debug_macro   0x0000000000000000      0x2ad ./Core/Src/main.o
 .debug_macro   0x00000000000002ad      0xa78 ./Core/Src/main.o
 .debug_macro   0x0000000000000d25      0x29b ./Core/Src/main.o
 .debug_macro   0x0000000000000fc0       0x2e ./Core/Src/main.o
 .debug_macro   0x0000000000000fee       0x28 ./Core/Src/main.o
 .debug_macro   0x0000000000001016       0x22 ./Core/Src/main.o
 .debug_macro   0x0000000000001038       0x8e ./Core/Src/main.o
 .debug_macro   0x00000000000010c6       0x51 ./Core/Src/main.o
 .debug_macro   0x0000000000001117      0x103 ./Core/Src/main.o
 .debug_macro   0x000000000000121a       0x6a ./Core/Src/main.o
 .debug_macro   0x0000000000001284      0x1df ./Core/Src/main.o
 .debug_macro   0x0000000000001463       0x1c ./Core/Src/main.o
 .debug_macro   0x000000000000147f       0x22 ./Core/Src/main.o
 .debug_macro   0x00000000000014a1       0xd9 ./Core/Src/main.o
 .debug_macro   0x000000000000157a     0x102d ./Core/Src/main.o
 .debug_macro   0x00000000000025a7      0x11f ./Core/Src/main.o
 .debug_macro   0x00000000000026c6    0x17876 ./Core/Src/main.o
 .debug_macro   0x0000000000019f3c       0x6d ./Core/Src/main.o
 .debug_macro   0x0000000000019fa9     0x36dd ./Core/Src/main.o
 .debug_macro   0x000000000001d686      0x174 ./Core/Src/main.o
 .debug_macro   0x000000000001d7fa       0x5c ./Core/Src/main.o
 .debug_macro   0x000000000001d856      0xc6d ./Core/Src/main.o
 .debug_macro   0x000000000001e4c3      0x9fe ./Core/Src/main.o
 .debug_macro   0x000000000001eec1      0x116 ./Core/Src/main.o
 .debug_macro   0x000000000001efd7      0x16f ./Core/Src/main.o
 .debug_macro   0x000000000001f146       0xa5 ./Core/Src/main.o
 .debug_macro   0x000000000001f1eb      0x182 ./Core/Src/main.o
 .debug_macro   0x000000000001f36d      0x287 ./Core/Src/main.o
 .debug_macro   0x000000000001f5f4       0x5f ./Core/Src/main.o
 .debug_macro   0x000000000001f653      0x236 ./Core/Src/main.o
 .debug_macro   0x000000000001f889      0x132 ./Core/Src/main.o
 .debug_macro   0x000000000001f9bb      0x41d ./Core/Src/main.o
 .debug_macro   0x000000000001fdd8       0x2e ./Core/Src/main.o
 .debug_macro   0x000000000001fe06      0x1b5 ./Core/Src/main.o
 .debug_macro   0x000000000001ffbb       0x22 ./Core/Src/main.o
 .debug_macro   0x000000000001ffdd       0xd6 ./Core/Src/main.o
 .debug_macro   0x00000000000200b3      0x11a ./Core/Src/main.o
 .debug_macro   0x00000000000201cd       0xe2 ./Core/Src/main.o
 .debug_macro   0x00000000000202af       0x89 ./Core/Src/main.o
 .debug_macro   0x0000000000020338      0x295 ./Core/Src/main.o
 .debug_macro   0x00000000000205cd      0x134 ./Core/Src/main.o
 .debug_macro   0x0000000000020701       0x52 ./Core/Src/main.o
 .debug_macro   0x0000000000020753       0x1e ./Core/Src/main.o
 .debug_macro   0x0000000000020771       0x3c ./Core/Src/main.o
 .debug_macro   0x00000000000207ad       0x34 ./Core/Src/main.o
 .debug_macro   0x00000000000207e1       0x16 ./Core/Src/main.o
 .debug_macro   0x00000000000207f7       0x43 ./Core/Src/main.o
 .debug_macro   0x000000000002083a       0x34 ./Core/Src/main.o
 .debug_macro   0x000000000002086e       0x10 ./Core/Src/main.o
 .debug_macro   0x000000000002087e       0x58 ./Core/Src/main.o
 .debug_macro   0x00000000000208d6       0x71 ./Core/Src/main.o
 .debug_macro   0x0000000000020947       0x1c ./Core/Src/main.o
 .debug_macro   0x0000000000020963      0x12a ./Core/Src/main.o
 .debug_macro   0x0000000000020a8d      0x341 ./Core/Src/main.o
 .debug_macro   0x0000000000020dce      0x19b ./Core/Src/main.o
 .debug_macro   0x0000000000020f69      0x251 ./Core/Src/main.o
 .debug_macro   0x00000000000211ba      0x1dd ./Core/Src/stm32f4xx_hal_msp.o
 .debug_macro   0x0000000000021397      0x1e7 ./Core/Src/stm32f4xx_it.o
 .debug_macro   0x000000000002157e       0xff ./Core/Src/sysmem.o
 .debug_macro   0x000000000002167d      0x23b ./Core/Src/sysmem.o
 .debug_macro   0x00000000000218b8      0x1d3 ./Core/Src/system_stm32f4xx.o
 .debug_macro   0x0000000000021a8b      0x233 ./Drivers/STM32F4xx_HAL_Driver/Src/stm32f4xx_hal.o
 .debug_macro   0x0000000000021cbe      0x1d3 ./Drivers/STM32F4xx_HAL_Driver/Src/stm32f4xx_hal_cortex.o
 .debug_macro   0x0000000000021e91      0x1d9 ./Drivers/STM32F4xx_HAL_Driver/Src/stm32f4xx_hal_dma.o
 .debug_macro   0x000000000002206a      0x1d9 ./Drivers/STM32F4xx_HAL_Driver/Src/stm32f4xx_hal_gpio.o
 .debug_macro   0x0000000000022243      0x21a ./Drivers/STM32F4xx_HAL_Driver/Src/stm32f4xx_hal_i2c.o
 .debug_macro   0x000000000002245d      0x1d3 ./Drivers/STM32F4xx_HAL_Driver/Src/stm32f4xx_hal_i2c_ex.o
 .debug_macro   0x0000000000022630      0x1f7 ./Drivers/STM32F4xx_HAL_Driver/Src/stm32f4xx_hal_rcc.o
 .debug_macro   0x0000000000022827      0x1d4 ./Drivers/STM32F4xx_HAL_Driver/Src/stm32f4xx_hal_uart.o
 .debug_macro   0x00000000000229fb      0x126 ./Drivers/lsm9ds1/lsm9ds1_reg.o

.debug_line     0x0000000000000000     0xf278
 .debug_line    0x0000000000000000      0xae1 ./Core/Src/main.o
 .debug_line    0x0000000000000ae1      0x756 ./Core/Src/stm32f4xx_hal_msp.o
 .debug_line    0x0000000000001237      0x792 ./Core/Src/stm32f4xx_it.o
 .debug_line    0x00000000000019c9      0x4e5 ./Core/Src/sysmem.o
 .debug_line    0x0000000000001eae      0x739 ./Core/Src/system_stm32f4xx.o
 .debug_line    0x00000000000025e7       0x88 ./Core/Startup/startup_stm32f427vitx.o
 .debug_line    0x000000000000266f      0x9d5 ./Drivers/STM32F4xx_HAL_Driver/Src/stm32f4xx_hal.o
 .debug_line    0x0000000000003044      0xc4e ./Drivers/STM32F4xx_HAL_Driver/Src/stm32f4xx_hal_cortex.o
 .debug_line    0x0000000000003c92      0xf06 ./Drivers/STM32F4xx_HAL_Driver/Src/stm32f4xx_hal_dma.o
 .debug_line    0x0000000000004b98      0xb3d ./Drivers/STM32F4xx_HAL_Driver/Src/stm32f4xx_hal_gpio.o
 .debug_line    0x00000000000056d5     0x394b ./Drivers/STM32F4xx_HAL_Driver/Src/stm32f4xx_hal_i2c.o
 .debug_line    0x0000000000009020      0x732 ./Drivers/STM32F4xx_HAL_Driver/Src/stm32f4xx_hal_i2c_ex.o
 .debug_line    0x0000000000009752      0xd19 ./Drivers/STM32F4xx_HAL_Driver/Src/stm32f4xx_hal_rcc.o
 .debug_line    0x000000000000a46b     0x2a26 ./Drivers/STM32F4xx_HAL_Driver/Src/stm32f4xx_hal_uart.o
 .debug_line    0x000000000000ce91     0x23e7 ./Drivers/lsm9ds1/lsm9ds1_reg.o

.debug_str      0x0000000000000000    0xd4550
 .debug_str     0x0000000000000000    0xcf89f ./Core/Src/main.o
                                      0xcfc26 (size before relaxing)
 .debug_str     0x00000000000cf89f      0x5fb ./Core/Src/stm32f4xx_hal_msp.o
                                      0xcb68c (size before relaxing)
 .debug_str     0x00000000000cfe9a       0xef ./Core/Src/stm32f4xx_it.o
                                      0xcad72 (size before relaxing)
 .debug_str     0x00000000000cff89      0x4da ./Core/Src/sysmem.o
                                       0x5d96 (size before relaxing)
 .debug_str     0x00000000000d0463       0xdb ./Core/Src/system_stm32f4xx.o
                                      0xcaa27 (size before relaxing)
 .debug_str     0x00000000000d053e       0x36 ./Core/Startup/startup_stm32f427vitx.o
                                         0x58 (size before relaxing)
 .debug_str     0x00000000000d0574      0x648 ./Drivers/STM32F4xx_HAL_Driver/Src/stm32f4xx_hal.o
                                      0xcb633 (size before relaxing)
 .debug_str     0x00000000000d0bbc      0x323 ./Drivers/STM32F4xx_HAL_Driver/Src/stm32f4xx_hal_cortex.o
                                      0xcb318 (size before relaxing)
 .debug_str     0x00000000000d0edf      0x328 ./Drivers/STM32F4xx_HAL_Driver/Src/stm32f4xx_hal_dma.o
                                      0xcae2e (size before relaxing)
 .debug_str     0x00000000000d1207      0x109 ./Drivers/STM32F4xx_HAL_Driver/Src/stm32f4xx_hal_gpio.o
                                      0xcaba2 (size before relaxing)
 .debug_str     0x00000000000d1310      0xaa3 ./Drivers/STM32F4xx_HAL_Driver/Src/stm32f4xx_hal_i2c.o
                                      0xcb9e4 (size before relaxing)
 .debug_str     0x00000000000d1db3       0x3b ./Drivers/STM32F4xx_HAL_Driver/Src/stm32f4xx_hal_i2c_ex.o
                                      0xcadf6 (size before relaxing)
 .debug_str     0x00000000000d1dee      0x213 ./Drivers/STM32F4xx_HAL_Driver/Src/stm32f4xx_hal_rcc.o
                                      0xcae5b (size before relaxing)
 .debug_str     0x00000000000d2001      0x5ce ./Drivers/STM32F4xx_HAL_Driver/Src/stm32f4xx_hal_uart.o
                                      0xcb3e7 (size before relaxing)
 .debug_str     0x00000000000d25cf     0x1f81 ./Drivers/lsm9ds1/lsm9ds1_reg.o
                                       0xa5e5 (size before relaxing)

.comment        0x0000000000000000       0x50
 .comment       0x0000000000000000       0x50 ./Core/Src/main.o
                                         0x51 (size before relaxing)
 .comment       0x0000000000000050       0x51 ./Core/Src/stm32f4xx_hal_msp.o
 .comment       0x0000000000000050       0x51 ./Core/Src/stm32f4xx_it.o
 .comment       0x0000000000000050       0x51 ./Core/Src/sysmem.o
 .comment       0x0000000000000050       0x51 ./Core/Src/system_stm32f4xx.o
 .comment       0x0000000000000050       0x51 ./Drivers/STM32F4xx_HAL_Driver/Src/stm32f4xx_hal.o
 .comment       0x0000000000000050       0x51 ./Drivers/STM32F4xx_HAL_Driver/Src/stm32f4xx_hal_cortex.o
 .comment       0x0000000000000050       0x51 ./Drivers/STM32F4xx_HAL_Driver/Src/stm32f4xx_hal_dma.o
 .comment       0x0000000000000050       0x51 ./Drivers/STM32F4xx_HAL_Driver/Src/stm32f4xx_hal_gpio.o
 .comment       0x0000000000000050       0x51 ./Drivers/STM32F4xx_HAL_Driver/Src/stm32f4xx_hal_i2c.o
 .comment       0x0000000000000050       0x51 ./Drivers/STM32F4xx_HAL_Driver/Src/stm32f4xx_hal_i2c_ex.o
 .comment       0x0000000000000050       0x51 ./Drivers/STM32F4xx_HAL_Driver/Src/stm32f4xx_hal_rcc.o
 .comment       0x0000000000000050       0x51 ./Drivers/STM32F4xx_HAL_Driver/Src/stm32f4xx_hal_uart.o
 .comment       0x0000000000000050       0x51 ./Drivers/lsm9ds1/lsm9ds1_reg.o

.debug_frame    0x0000000000000000     0x42f8
 .debug_frame   0x0000000000000000      0x210 ./Core/Src/main.o
 .debug_frame   0x0000000000000210       0xc8 ./Core/Src/stm32f4xx_hal_msp.o
 .debug_frame   0x00000000000002d8      0x120 ./Core/Src/stm32f4xx_it.o
 .debug_frame   0x00000000000003f8       0x34 ./Core/Src/sysmem.o
 .debug_frame   0x000000000000042c       0x58 ./Core/Src/system_stm32f4xx.o
 .debug_frame   0x0000000000000484      0x3b4 ./Drivers/STM32F4xx_HAL_Driver/Src/stm32f4xx_hal.o
 .debug_frame   0x0000000000000838      0x498 ./Drivers/STM32F4xx_HAL_Driver/Src/stm32f4xx_hal_cortex.o
 .debug_frame   0x0000000000000cd0      0x250 ./Drivers/STM32F4xx_HAL_Driver/Src/stm32f4xx_hal_dma.o
 .debug_frame   0x0000000000000f20      0x14c ./Drivers/STM32F4xx_HAL_Driver/Src/stm32f4xx_hal_gpio.o
 .debug_frame   0x000000000000106c      0xc5c ./Drivers/STM32F4xx_HAL_Driver/Src/stm32f4xx_hal_i2c.o
 .debug_frame   0x0000000000001cc8       0x60 ./Drivers/STM32F4xx_HAL_Driver/Src/stm32f4xx_hal_i2c_ex.o
 .debug_frame   0x0000000000001d28      0x1f4 ./Drivers/STM32F4xx_HAL_Driver/Src/stm32f4xx_hal_rcc.o
 .debug_frame   0x0000000000001f1c      0x92c ./Drivers/STM32F4xx_HAL_Driver/Src/stm32f4xx_hal_uart.o
 .debug_frame   0x0000000000002848     0x1544 ./Drivers/lsm9ds1/lsm9ds1_reg.o
 .debug_frame   0x0000000000003d8c       0x20 c:/st/stm32cubeide_1.9.0/stm32cubeide/plugins/com.st.stm32cube.ide.mcu.externaltools.gnu-tools-for-stm32.10.3-2021.10.win32_1.0.0.202111181127/tools/bin/../lib/gcc/arm-none-eabi/10.3.1/../../../../arm-none-eabi/lib/thumb/v7e-m+fp/hard\libc_nano.a(lib_a-errno.o)
 .debug_frame   0x0000000000003dac       0x2c c:/st/stm32cubeide_1.9.0/stm32cubeide/plugins/com.st.stm32cube.ide.mcu.externaltools.gnu-tools-for-stm32.10.3-2021.10.win32_1.0.0.202111181127/tools/bin/../lib/gcc/arm-none-eabi/10.3.1/../../../../arm-none-eabi/lib/thumb/v7e-m+fp/hard\libc_nano.a(lib_a-init.o)
 .debug_frame   0x0000000000003dd8       0x20 c:/st/stm32cubeide_1.9.0/stm32cubeide/plugins/com.st.stm32cube.ide.mcu.externaltools.gnu-tools-for-stm32.10.3-2021.10.win32_1.0.0.202111181127/tools/bin/../lib/gcc/arm-none-eabi/10.3.1/../../../../arm-none-eabi/lib/thumb/v7e-m+fp/hard\libc_nano.a(lib_a-memset.o)
 .debug_frame   0x0000000000003df8       0x6c c:/st/stm32cubeide_1.9.0/stm32cubeide/plugins/com.st.stm32cube.ide.mcu.externaltools.gnu-tools-for-stm32.10.3-2021.10.win32_1.0.0.202111181127/tools/bin/../lib/gcc/arm-none-eabi/10.3.1/../../../../arm-none-eabi/lib/thumb/v7e-m+fp/hard\libc_nano.a(lib_a-sprintf.o)
 .debug_frame   0x0000000000003e64       0x90 c:/st/stm32cubeide_1.9.0/stm32cubeide/plugins/com.st.stm32cube.ide.mcu.externaltools.gnu-tools-for-stm32.10.3-2021.10.win32_1.0.0.202111181127/tools/bin/../lib/gcc/arm-none-eabi/10.3.1/../../../../arm-none-eabi/lib/thumb/v7e-m+fp/hard\libc_nano.a(lib_a-nano-svfprintf.o)
 .debug_frame   0x0000000000003ef4       0x60 c:/st/stm32cubeide_1.9.0/stm32cubeide/plugins/com.st.stm32cube.ide.mcu.externaltools.gnu-tools-for-stm32.10.3-2021.10.win32_1.0.0.202111181127/tools/bin/../lib/gcc/arm-none-eabi/10.3.1/../../../../arm-none-eabi/lib/thumb/v7e-m+fp/hard\libc_nano.a(lib_a-nano-vfprintf_i.o)
 .debug_frame   0x0000000000003f54       0x28 c:/st/stm32cubeide_1.9.0/stm32cubeide/plugins/com.st.stm32cube.ide.mcu.externaltools.gnu-tools-for-stm32.10.3-2021.10.win32_1.0.0.202111181127/tools/bin/../lib/gcc/arm-none-eabi/10.3.1/../../../../arm-none-eabi/lib/thumb/v7e-m+fp/hard\libc_nano.a(lib_a-memcpy-stub.o)
 .debug_frame   0x0000000000003f7c       0x28 c:/st/stm32cubeide_1.9.0/stm32cubeide/plugins/com.st.stm32cube.ide.mcu.externaltools.gnu-tools-for-stm32.10.3-2021.10.win32_1.0.0.202111181127/tools/bin/../lib/gcc/arm-none-eabi/10.3.1/../../../../arm-none-eabi/lib/thumb/v7e-m+fp/hard\libc_nano.a(lib_a-memmove.o)
 .debug_frame   0x0000000000003fa4       0x38 c:/st/stm32cubeide_1.9.0/stm32cubeide/plugins/com.st.stm32cube.ide.mcu.externaltools.gnu-tools-for-stm32.10.3-2021.10.win32_1.0.0.202111181127/tools/bin/../lib/gcc/arm-none-eabi/10.3.1/../../../../arm-none-eabi/lib/thumb/v7e-m+fp/hard\libc_nano.a(lib_a-nano-freer.o)
 .debug_frame   0x0000000000003fdc       0x4c c:/st/stm32cubeide_1.9.0/stm32cubeide/plugins/com.st.stm32cube.ide.mcu.externaltools.gnu-tools-for-stm32.10.3-2021.10.win32_1.0.0.202111181127/tools/bin/../lib/gcc/arm-none-eabi/10.3.1/../../../../arm-none-eabi/lib/thumb/v7e-m+fp/hard\libc_nano.a(lib_a-nano-mallocr.o)
 .debug_frame   0x0000000000004028       0x3c c:/st/stm32cubeide_1.9.0/stm32cubeide/plugins/com.st.stm32cube.ide.mcu.externaltools.gnu-tools-for-stm32.10.3-2021.10.win32_1.0.0.202111181127/tools/bin/../lib/gcc/arm-none-eabi/10.3.1/../../../../arm-none-eabi/lib/thumb/v7e-m+fp/hard\libc_nano.a(lib_a-nano-reallocr.o)
 .debug_frame   0x0000000000004064       0x2c c:/st/stm32cubeide_1.9.0/stm32cubeide/plugins/com.st.stm32cube.ide.mcu.externaltools.gnu-tools-for-stm32.10.3-2021.10.win32_1.0.0.202111181127/tools/bin/../lib/gcc/arm-none-eabi/10.3.1/../../../../arm-none-eabi/lib/thumb/v7e-m+fp/hard\libc_nano.a(lib_a-sbrkr.o)
 .debug_frame   0x0000000000004090       0x30 c:/st/stm32cubeide_1.9.0/stm32cubeide/plugins/com.st.stm32cube.ide.mcu.externaltools.gnu-tools-for-stm32.10.3-2021.10.win32_1.0.0.202111181127/tools/bin/../lib/gcc/arm-none-eabi/10.3.1/../../../../arm-none-eabi/lib/thumb/v7e-m+fp/hard\libc_nano.a(lib_a-mlock.o)
 .debug_frame   0x00000000000040c0       0x20 c:/st/stm32cubeide_1.9.0/stm32cubeide/plugins/com.st.stm32cube.ide.mcu.externaltools.gnu-tools-for-stm32.10.3-2021.10.win32_1.0.0.202111181127/tools/bin/../lib/gcc/arm-none-eabi/10.3.1/../../../../arm-none-eabi/lib/thumb/v7e-m+fp/hard\libc_nano.a(lib_a-nano-msizer.o)
 .debug_frame   0x00000000000040e0       0x5c c:/st/stm32cubeide_1.9.0/stm32cubeide/plugins/com.st.stm32cube.ide.mcu.externaltools.gnu-tools-for-stm32.10.3-2021.10.win32_1.0.0.202111181127/tools/bin/../lib/gcc/arm-none-eabi/10.3.1/../../../../arm-none-eabi/lib/thumb/v7e-m+fp/hard\libc_nano.a(lib_a-reent.o)
 .debug_frame   0x000000000000413c       0xb0 c:/st/stm32cubeide_1.9.0/stm32cubeide/plugins/com.st.stm32cube.ide.mcu.externaltools.gnu-tools-for-stm32.10.3-2021.10.win32_1.0.0.202111181127/tools/bin/../lib/gcc/arm-none-eabi/10.3.1/../../../../arm-none-eabi/lib/thumb/v7e-m+fp/hard\libc_nano.a(lib_a-lock.o)
 .debug_frame   0x00000000000041ec       0xac c:/st/stm32cubeide_1.9.0/stm32cubeide/plugins/com.st.stm32cube.ide.mcu.externaltools.gnu-tools-for-stm32.10.3-2021.10.win32_1.0.0.202111181127/tools/bin/../lib/gcc/arm-none-eabi/10.3.1/thumb/v7e-m+fp/hard\libgcc.a(_arm_addsubdf3.o)
 .debug_frame   0x0000000000004298       0x2c c:/st/stm32cubeide_1.9.0/stm32cubeide/plugins/com.st.stm32cube.ide.mcu.externaltools.gnu-tools-for-stm32.10.3-2021.10.win32_1.0.0.202111181127/tools/bin/../lib/gcc/arm-none-eabi/10.3.1/thumb/v7e-m+fp/hard\libgcc.a(_aeabi_uldivmod.o)
 .debug_frame   0x00000000000042c4       0x34 c:/st/stm32cubeide_1.9.0/stm32cubeide/plugins/com.st.stm32cube.ide.mcu.externaltools.gnu-tools-for-stm32.10.3-2021.10.win32_1.0.0.202111181127/tools/bin/../lib/gcc/arm-none-eabi/10.3.1/thumb/v7e-m+fp/hard\libgcc.a(_udivmoddi4.o)
