../Core/Src/main.c:111:5:main	8	static
../Core/Src/main.c:157:6:SystemClock_Config	88	static
../Core/Src/main.c:194:13:MX_I2C1_Init	8	static
../Core/Src/main.c:237:13:MX_USART6_UART_Init	8	static
../Core/Src/main.c:268:13:MX_GPIO_Init	48	static
../Core/Src/main.c:292:6:doCycle	16	static
../Core/Src/main.c:306:6:toggleLed	16	static
../Core/Src/main.c:310:6:init_lsm9ds1_2	32	static
../Core/Src/main.c:315:6:init_lsm9ds1	32	static
../Core/Src/main.c:359:6:readImu_2	24	static
../Core/Src/main.c:371:6:printImu	32	static
../Core/Src/main.c:380:6:readImu	88	static
../Core/Src/main.c:416:16:platform_write_imu	48	static
../Core/Src/main.c:434:16:platform_read_imu	48	static
../Core/Src/main.c:452:16:platform_write_mag	48	static
../Core/Src/main.c:473:16:platform_read_mag	48	static
../Core/Src/main.c:491:13:putty_print	16	static
../Core/Src/main.c:501:6:Error_Handler	16	static,ignoring_inline_asm
