../Core/Src/main.c:103:5:main	8	static
../Core/Src/main.c:148:6:SystemClock_Config	88	static
../Core/Src/main.c:185:13:MX_I2C1_Init	8	static
../Core/Src/main.c:228:13:MX_USART6_UART_Init	8	static
../Core/Src/main.c:259:13:MX_GPIO_Init	48	static
../Core/Src/main.c:283:6:doCycle	8	static
../Core/Src/main.c:297:6:toggleLed	16	static
../Core/Src/main.c:306:6:init_lsm9ds1	8	static
../Core/Src/main.c:354:6:readImu	88	static
../Core/Src/main.c:394:16:platform_write_imu	48	static
../Core/Src/main.c:412:16:platform_read_imu	48	static
../Core/Src/main.c:430:16:platform_write_mag	48	static
../Core/Src/main.c:451:16:platform_read_mag	48	static
../Core/Src/main.c:469:13:tx_com	16	static
../Core/Src/main.c:479:6:Error_Handler	16	static,ignoring_inline_asm
